p0001---Fix-CVE-2023-50387,-DNSSEC-verification-complexity-can-(part-1/33).patch	- Fix CVE-2023-50387, DNSSEC verification complexity can (part 1/33)
p0002-harden-the-views_print-walk-budget.patch	harden the views_print walk budget
p0003---Fix-CVE-2023-50387,-DNSSEC-verification-complexity-can-(part-2/33).patch	- Fix CVE-2023-50387, DNSSEC verification complexity can (part 2/33)
p0004---Fix-CVE-2023-50387,-DNSSEC-verification-complexity-can-(part-3/33).patch	- Fix CVE-2023-50387, DNSSEC verification complexity can (part 3/33)
p0005---Fix-CVE-2023-50387,-DNSSEC-verification-complexity-can-(part-4/33).patch	- Fix CVE-2023-50387, DNSSEC verification complexity can (part 4/33)
p0006---Fix-CVE-2023-50387,-DNSSEC-verification-complexity-can-(part-5/33).patch	- Fix CVE-2023-50387, DNSSEC verification complexity can (part 5/33)
p0007---Fix-CVE-2023-50387,-DNSSEC-verification-complexity-can-(part-6/33).patch	- Fix CVE-2023-50387, DNSSEC verification complexity can (part 6/33)
p0008---Fix-CVE-2023-50387,-DNSSEC-verification-complexity-can-(part-7/33).patch	- Fix CVE-2023-50387, DNSSEC verification complexity can (part 7/33)
p0009---Fix-CVE-2023-50387,-DNSSEC-verification-complexity-can-(part-8/33).patch	- Fix CVE-2023-50387, DNSSEC verification complexity can (part 8/33)
p0010---Fix-CVE-2023-50387,-DNSSEC-verification-complexity-can-(part-9/33).patch	- Fix CVE-2023-50387, DNSSEC verification complexity can (part 9/33)
p0011---Fix-CVE-2023-50387,-DNSSEC-verification-complexity-can-(part-10/33).patch	- Fix CVE-2023-50387, DNSSEC verification complexity can (part 10/33)
p0012---Fix-CVE-2023-50387,-DNSSEC-verification-complexity-can-(part-11/33).patch	- Fix CVE-2023-50387, DNSSEC verification complexity can (part 11/33)
p0013---Fix-CVE-2023-50387,-DNSSEC-verification-complexity-can-(part-12/33).patch	- Fix CVE-2023-50387, DNSSEC verification complexity can (part 12/33)
p0014---Fix-CVE-2023-50387,-DNSSEC-verification-complexity-can-(part-13/33).patch	- Fix CVE-2023-50387, DNSSEC verification complexity can (part 13/33)
p0015---Fix-CVE-2023-50387,-DNSSEC-verification-complexity-can-(part-14/33).patch	- Fix CVE-2023-50387, DNSSEC verification complexity can (part 14/33)
p0016-harden-the-tcp_proxy_delete-walk-budget.patch	harden the tcp_proxy_delete walk budget
p0017---Fix-CVE-2023-50387,-DNSSEC-verification-complexity-can-(part-15/33).patch	- Fix CVE-2023-50387, DNSSEC verification complexity can (part 15/33)
p0018---Fix-CVE-2023-50387,-DNSSEC-verification-complexity-can-(part-16/33).patch	- Fix CVE-2023-50387, DNSSEC verification complexity can (part 16/33)
p0019---Fix-CVE-2023-50387,-DNSSEC-verification-complexity-can-(part-17/33).patch	- Fix CVE-2023-50387, DNSSEC verification complexity can (part 17/33)
p0020---Fix-CVE-2023-50387,-DNSSEC-verification-complexity-can-(part-18/33).patch	- Fix CVE-2023-50387, DNSSEC verification complexity can (part 18/33)
p0021---Fix-CVE-2023-50387,-DNSSEC-verification-complexity-can-(part-19/33).patch	- Fix CVE-2023-50387, DNSSEC verification complexity can (part 19/33)
p0022---Fix-CVE-2023-50387,-DNSSEC-verification-complexity-can-(part-20/33).patch	- Fix CVE-2023-50387, DNSSEC verification complexity can (part 20/33)
p0023-harden-the-ext_test-walk-budget.patch	harden the ext_test walk budget
p0024-harden-the-cfg_condense_ports-walk-budget.patch	harden the cfg_condense_ports walk budget
p0025---Fix-CVE-2023-50387,-DNSSEC-verification-complexity-can-(part-21/33).patch	- Fix CVE-2023-50387, DNSSEC verification complexity can (part 21/33)
p0026---Fix-CVE-2023-50387,-DNSSEC-verification-complexity-can-(part-22/33).patch	- Fix CVE-2023-50387, DNSSEC verification complexity can (part 22/33)
p0027---Fix-CVE-2023-50387,-DNSSEC-verification-complexity-can-(part-23/33).patch	- Fix CVE-2023-50387, DNSSEC verification complexity can (part 23/33)
p0028---Fix-CVE-2023-50387,-DNSSEC-verification-complexity-can-(part-24/33).patch	- Fix CVE-2023-50387, DNSSEC verification complexity can (part 24/33)
p0029---Fix-CVE-2023-50387,-DNSSEC-verification-complexity-can-(part-25/33).patch	- Fix CVE-2023-50387, DNSSEC verification complexity can (part 25/33)
p0030---Fix-CVE-2023-50387,-DNSSEC-verification-complexity-can-(part-26/33).patch	- Fix CVE-2023-50387, DNSSEC verification complexity can (part 26/33)
p0031---Fix-CVE-2023-50387,-DNSSEC-verification-complexity-can-(part-27/33).patch	- Fix CVE-2023-50387, DNSSEC verification complexity can (part 27/33)
p0032---Fix-CVE-2023-50387,-DNSSEC-verification-complexity-can-(part-28/33).patch	- Fix CVE-2023-50387, DNSSEC verification complexity can (part 28/33)
p0033-harden-the-tcp_req_info_read_again-walk-budget.patch	harden the tcp_req_info_read_again walk budget
p0034---Fix-CVE-2023-50387,-DNSSEC-verification-complexity-can-(part-29/33).patch	- Fix CVE-2023-50387, DNSSEC verification complexity can (part 29/33)
p0035---Fix-CVE-2023-50387,-DNSSEC-verification-complexity-can-(part-30/33).patch	- Fix CVE-2023-50387, DNSSEC verification complexity can (part 30/33)
p0036---Fix-CVE-2023-50387,-DNSSEC-verification-complexity-can-(part-31/33).patch	- Fix CVE-2023-50387, DNSSEC verification complexity can (part 31/33)
p0037---Fix-CVE-2023-50387,-DNSSEC-verification-complexity-can-(part-32/33).patch	- Fix CVE-2023-50387, DNSSEC verification complexity can (part 32/33)
p0038-harden-the-print_id-walk-budget.patch	harden the print_id walk budget
p0039---Fix-CVE-2023-50387,-DNSSEC-verification-complexity-can-(part-33/33).patch	- Fix CVE-2023-50387, DNSSEC verification complexity can (part 33/33)
