p0001-Fix-memory-leak-when-parsing-invalid-pattern-matching-(part-1/50).patch	Fix memory leak when parsing invalid pattern matching (part 1/50)
p0002-Remove-unavailable-filters-for-merge_group-event.patch	Remove unavailable filters for merge_group event
p0003-Remove-unavailable-filters-for-merge_group-event.patch	Remove unavailable filters for merge_group event
p0004-Move-an-embedded-directive-outside-macro-arguments.patch	Move an embedded directive outside macro arguments
p0005-Fix-memory-leak-when-parsing-invalid-pattern-matching-(part-2/50).patch	Fix memory leak when parsing invalid pattern matching (part 2/50)
p0006-Fix-memory-leak-when-parsing-invalid-pattern-matching-(part-3/50).patch	Fix memory leak when parsing invalid pattern matching (part 3/50)
p0007-Fix-memory-leak-when-parsing-invalid-pattern-matching-(part-4/50).patch	Fix memory leak when parsing invalid pattern matching (part 4/50)
p0008-Replace-assert-with-RUBY_ASSERT-in-complex.c.patch	Replace assert with RUBY_ASSERT in complex.c
p0009-Fix-memory-leak-when-parsing-invalid-pattern-matching-(part-5/50).patch	Fix memory leak when parsing invalid pattern matching (part 5/50)
p0010-Fix-memory-leak-when-parsing-invalid-pattern-matching-(part-6/50).patch	Fix memory leak when parsing invalid pattern matching (part 6/50)
p0011-Fix-memory-leak-when-parsing-invalid-pattern-matching-(part-7/50).patch	Fix memory leak when parsing invalid pattern matching (part 7/50)
p0012-Fix-memory-leak-when-parsing-invalid-pattern-matching-(part-8/50).patch	Fix memory leak when parsing invalid pattern matching (part 8/50)
p0013-Fix-memory-leak-when-parsing-invalid-pattern-matching-(part-9/50).patch	Fix memory leak when parsing invalid pattern matching (part 9/50)
p0014-Fix-memory-leak-when-parsing-invalid-pattern-matching-(part-10/50).patch	Fix memory leak when parsing invalid pattern matching (part 10/50)
p0015-[ruby/strscan]-Bump-version.patch	[ruby/strscan] Bump version
p0016-proc.c:-get-rid-of-`CLONESETUP`.patch	proc.c: get rid of `CLONESETUP`
p0017-sync-upstream-changes.patch	sync upstream changes
p0018-[ruby/irb]-Fix-SourceFinder's-constant-evaluation-issue-(https://githu.patch	[ruby/irb] Fix SourceFinder's constant evaluation issue (https://githu
p0019-Fix-memory-leak-when-parsing-invalid-pattern-matching-(part-11/50).patch	Fix memory leak when parsing invalid pattern matching (part 11/50)
p0020-Fix-memory-leak-when-parsing-invalid-pattern-matching-(part-12/50).patch	Fix memory leak when parsing invalid pattern matching (part 12/50)
p0021-harden-the-rb_hash_gt-walk-budget.patch	harden the rb_hash_gt walk budget
p0022-Fix-memory-leak-when-parsing-invalid-pattern-matching-(part-13/50).patch	Fix memory leak when parsing invalid pattern matching (part 13/50)
p0023-Fix-memory-leak-when-parsing-invalid-pattern-matching-(part-14/50).patch	Fix memory leak when parsing invalid pattern matching (part 14/50)
p0024-[ruby/prism]-Fix-`full_name`-for-constant-path-targets.patch	[ruby/prism] Fix `full_name` for constant path targets
p0025-Fix-memory-leak-when-parsing-invalid-pattern-matching-(part-15/50).patch	Fix memory leak when parsing invalid pattern matching (part 15/50)
p0026-[rubygems/rubygems]-Update-SPDX-license-list-as-of-2024-02-08.patch	[rubygems/rubygems] Update SPDX license list as of 2024-02-08
p0027-Fix-memory-leak-when-parsing-invalid-pattern-matching-(part-16/50).patch	Fix memory leak when parsing invalid pattern matching (part 16/50)
p0028-Bump-prism-version.patch	Bump prism version
p0029-Fix-memory-leak-when-parsing-invalid-pattern-matching-(part-17/50).patch	Fix memory leak when parsing invalid pattern matching (part 17/50)
p0030-Fix-memory-leak-when-parsing-invalid-pattern-matching-(part-18/50).patch	Fix memory leak when parsing invalid pattern matching (part 18/50)
p0031-proc.c:-get-rid-of-`CLONESETUP`.patch	proc.c: get rid of `CLONESETUP`
p0032-Fix-memory-leak-when-parsing-invalid-pattern-matching-(part-19/50).patch	Fix memory leak when parsing invalid pattern matching (part 19/50)
p0033-Update-to-ruby/spec@ce834ad.patch	Update to ruby/spec@ce834ad
p0034-Fix-memory-leak-when-parsing-invalid-pattern-matching-(part-20/50).patch	Fix memory leak when parsing invalid pattern matching (part 20/50)
p0035-Fix-memory-leak-when-parsing-invalid-pattern-matching-(part-21/50).patch	Fix memory leak when parsing invalid pattern matching (part 21/50)
p0036-Update-to-ruby/spec@ce834ad.patch	Update to ruby/spec@ce834ad
p0037-Update-to-ruby/spec@ce834ad.patch	Update to ruby/spec@ce834ad
p0038-Update-to-ruby/spec@ce834ad.patch	Update to ruby/spec@ce834ad
p0039-Update-to-ruby/spec@ce834ad.patch	Update to ruby/spec@ce834ad
p0040-Update-to-ruby/spec@ce834ad.patch	Update to ruby/spec@ce834ad
p0041-Update-to-ruby/spec@ce834ad.patch	Update to ruby/spec@ce834ad
p0042-Update-to-ruby/spec@ce834ad.patch	Update to ruby/spec@ce834ad
p0043-Fix-memory-leak-when-parsing-invalid-pattern-matching-(part-22/50).patch	Fix memory leak when parsing invalid pattern matching (part 22/50)
p0044-harden-the-is_rbext_path-walk-budget.patch	harden the is_rbext_path walk budget
p0045-Fix-memory-leak-when-parsing-invalid-pattern-matching-(part-23/50).patch	Fix memory leak when parsing invalid pattern matching (part 23/50)
p0046-Fix-memory-leak-when-parsing-invalid-pattern-matching-(part-24/50).patch	Fix memory leak when parsing invalid pattern matching (part 24/50)
p0047-Fix-memory-leak-when-parsing-invalid-pattern-matching-(part-25/50).patch	Fix memory leak when parsing invalid pattern matching (part 25/50)
p0048-Fix-memory-leak-when-parsing-invalid-pattern-matching-(part-26/50).patch	Fix memory leak when parsing invalid pattern matching (part 26/50)
p0049-Fix-memory-leak-when-parsing-invalid-pattern-matching-(part-27/50).patch	Fix memory leak when parsing invalid pattern matching (part 27/50)
p0050-Fix-memory-leak-when-parsing-invalid-pattern-matching-(part-28/50).patch	Fix memory leak when parsing invalid pattern matching (part 28/50)
p0051-Update-to-ruby/spec@ce834ad.patch	Update to ruby/spec@ce834ad
p0052-Fix-memory-leak-when-parsing-invalid-pattern-matching-(part-29/50).patch	Fix memory leak when parsing invalid pattern matching (part 29/50)
p0053-Update-to-ruby/spec@ce834ad.patch	Update to ruby/spec@ce834ad
p0054-Fix-memory-leak-when-parsing-invalid-pattern-matching-(part-30/50).patch	Fix memory leak when parsing invalid pattern matching (part 30/50)
p0055-Update-to-ruby/spec@ce834ad.patch	Update to ruby/spec@ce834ad
p0056-Update-to-ruby/spec@ce834ad.patch	Update to ruby/spec@ce834ad
p0057-Fix-memory-leak-when-parsing-invalid-pattern-matching-(part-31/50).patch	Fix memory leak when parsing invalid pattern matching (part 31/50)
p0058-Fix-memory-leak-when-parsing-invalid-pattern-matching-(part-32/50).patch	Fix memory leak when parsing invalid pattern matching (part 32/50)
p0059-harden-the-append_values_at_single-walk-budget.patch	harden the append_values_at_single walk budget
p0060-Update-to-ruby/spec@ce834ad.patch	Update to ruby/spec@ce834ad
p0061-harden-the-rb_big_realloc-walk-budget.patch	harden the rb_big_realloc walk budget
p0062-Update-to-ruby/spec@ce834ad.patch	Update to ruby/spec@ce834ad
p0063-Update-to-ruby/spec@ce834ad.patch	Update to ruby/spec@ce834ad
p0064-Update-to-ruby/spec@ce834ad.patch	Update to ruby/spec@ce834ad
p0065-Fix-memory-leak-when-parsing-invalid-pattern-matching-(part-33/50).patch	Fix memory leak when parsing invalid pattern matching (part 33/50)
p0066-Fix-memory-leak-when-parsing-invalid-pattern-matching-(part-34/50).patch	Fix memory leak when parsing invalid pattern matching (part 34/50)
p0067-Fix-memory-leak-when-parsing-invalid-pattern-matching-(part-35/50).patch	Fix memory leak when parsing invalid pattern matching (part 35/50)
p0068-Fix-memory-leak-when-parsing-invalid-pattern-matching-(part-36/50).patch	Fix memory leak when parsing invalid pattern matching (part 36/50)
p0069-Fix-memory-leak-when-parsing-invalid-pattern-matching-(part-37/50).patch	Fix memory leak when parsing invalid pattern matching (part 37/50)
p0070-Fix-memory-leak-when-parsing-invalid-pattern-matching-(part-38/50).patch	Fix memory leak when parsing invalid pattern matching (part 38/50)
p0071-Fix-memory-leak-when-parsing-invalid-pattern-matching-(part-39/50).patch	Fix memory leak when parsing invalid pattern matching (part 39/50)
p0072-harden-the-rb_vrescue2-walk-budget.patch	harden the rb_vrescue2 walk budget
p0073-Fix-memory-leak-when-parsing-invalid-pattern-matching-(part-40/50).patch	Fix memory leak when parsing invalid pattern matching (part 40/50)
p0074-Fix-memory-leak-when-parsing-invalid-pattern-matching-(part-41/50).patch	Fix memory leak when parsing invalid pattern matching (part 41/50)
p0075-Update-to-ruby/spec@ce834ad.patch	Update to ruby/spec@ce834ad
p0076-Fix-memory-leak-when-parsing-invalid-pattern-matching-(part-42/50).patch	Fix memory leak when parsing invalid pattern matching (part 42/50)
p0077-Update-to-ruby/spec@ce834ad.patch	Update to ruby/spec@ce834ad
p0078-Fix-memory-leak-when-parsing-invalid-pattern-matching-(part-43/50).patch	Fix memory leak when parsing invalid pattern matching (part 43/50)
p0079-Fix-memory-leak-when-parsing-invalid-pattern-matching-(part-44/50).patch	Fix memory leak when parsing invalid pattern matching (part 44/50)
p0080-Fix-memory-leak-when-parsing-invalid-pattern-matching-(part-45/50).patch	Fix memory leak when parsing invalid pattern matching (part 45/50)
p0081-Replace-assert-with-RUBY_ASSERT-in-string.c.patch	Replace assert with RUBY_ASSERT in string.c
p0082-harden-the-sip_hash13-walk-budget.patch	harden the sip_hash13 walk budget
p0083-[ruby/optparse]-Adjust-arguments-for-lambda-callbacks.patch	[ruby/optparse] Adjust arguments for lambda-callbacks
p0084-Fix-memory-leak-when-parsing-invalid-pattern-matching-(part-46/50).patch	Fix memory leak when parsing invalid pattern matching (part 46/50)
p0085-[ruby/prism]-Move-Prism::RipperCompat-to-Prism::Translation::Ripper.patch	[ruby/prism] Move Prism::RipperCompat to Prism::Translation::Ripper
p0086-Fix-memory-leak-when-parsing-invalid-pattern-matching-(part-47/50).patch	Fix memory leak when parsing invalid pattern matching (part 47/50)
p0087-Fix-memory-leak-when-parsing-invalid-pattern-matching-(part-48/50).patch	Fix memory leak when parsing invalid pattern matching (part 48/50)
p0088-Fix-memory-leak-when-parsing-invalid-pattern-matching-(part-49/50).patch	Fix memory leak when parsing invalid pattern matching (part 49/50)
p0089-Fix-crash-when-checking-symbol-encoding.patch	Fix crash when checking symbol encoding
p0090-Enable-redefinition-check-for-rbinc-methods.patch	Enable redefinition check for rbinc methods
p0091-Fix-memory-leak-when-parsing-invalid-pattern-matching-(part-50/50).patch	Fix memory leak when parsing invalid pattern matching (part 50/50)
p0092-YJIT:-Add-top-ISEQ-call-counts-to---yjit-stats-(#9906).patch	YJIT: Add top ISEQ call counts to --yjit-stats (#9906)
p0093-YJIT:-Add-support-for-`**kwrest`-parameters.patch	YJIT: Add support for `**kwrest` parameters
