p0001-pcie_sriov:-Ensure-VF-function-number-does-not-overflow-(part-1/26).patch	pcie_sriov: Ensure VF function number does not overflow (part 1/26)
p0002-meson:-Drop-the-.fa-library-suffix.patch	meson: Drop the .fa library suffix
p0003-pcie_sriov:-Ensure-VF-function-number-does-not-overflow-(part-2/26).patch	pcie_sriov: Ensure VF function number does not overflow (part 2/26)
p0004-backends/hostmem-epc:-Get-rid-of-qemu_open_old().patch	backends/hostmem-epc: Get rid of qemu_open_old()
p0005-char-stdio:-Restore-blocking-mode-of-stdout-on-exit.patch	char-stdio: Restore blocking mode of stdout on exit
p0006-harden-the-pci_req_id_cache_get-walk-budget.patch	harden the pci_req_id_cache_get walk budget
p0007-pcie_sriov:-Ensure-VF-function-number-does-not-overflow-(part-3/26).patch	pcie_sriov: Ensure VF function number does not overflow (part 3/26)
p0008-meson:-Drop-the-.fa-library-suffix.patch	meson: Drop the .fa library suffix
p0009-pcie_sriov:-Ensure-VF-function-number-does-not-overflow-(part-4/26).patch	pcie_sriov: Ensure VF function number does not overflow (part 4/26)
p0010-pcie_sriov:-Ensure-VF-function-number-does-not-overflow-(part-5/26).patch	pcie_sriov: Ensure VF function number does not overflow (part 5/26)
p0011-pcie_sriov:-Ensure-VF-function-number-does-not-overflow-(part-6/26).patch	pcie_sriov: Ensure VF function number does not overflow (part 6/26)
p0012-target/arm:-Enable-FEAT_Debugv8p8-for--cpu-max.patch	target/arm: Enable FEAT_Debugv8p8 for -cpu max
p0013-pcie_sriov:-Ensure-VF-function-number-does-not-overflow-(part-7/26).patch	pcie_sriov: Ensure VF function number does not overflow (part 7/26)
p0014-gdbstub:-Move-GdbCmdParseEntry-into-a-new-header-file.patch	gdbstub: Move GdbCmdParseEntry into a new header file
p0015-harden-the-sunhme_erx_write-walk-budget.patch	harden the sunhme_erx_write walk budget
p0016-sync-upstream-changes.patch	sync upstream changes
p0017-hw/core:-ensure-kernel_end-never-gets-used-undefined.patch	hw/core: ensure kernel_end never gets used undefined
p0018-i386/sev:-Don't-allow-automatic-fallback-to-legacy-KVM_SEV*_INIT.patch	i386/sev: Don't allow automatic fallback to legacy KVM_SEV*_INIT
p0019-hw/loongarch/boot.c:-fix-out-of-bound-reading.patch	hw/loongarch/boot.c: fix out-of-bound reading
p0020-hw/net:ftgmac100:-update-TX-and-RX-packet-buffers-address-to-64-bits.patch	hw/net:ftgmac100: update TX and RX packet buffers address to 64 bits
p0021-pcie_sriov:-Ensure-VF-function-number-does-not-overflow-(part-8/26).patch	pcie_sriov: Ensure VF function number does not overflow (part 8/26)
p0022-hw/ppc:-remove-obsolete-manual-deprecation-reason-string-of-spapr-mach.patch	hw/ppc: remove obsolete manual deprecation reason string of spapr mach
p0023-harden-the-e1000e_set_interrupt_cause-walk-budget.patch	harden the e1000e_set_interrupt_cause walk budget
p0024-hw/sd/sdhci:-Log-non-sequencial-access-as-GUEST_ERROR.patch	hw/sd/sdhci: Log non-sequencial access as GUEST_ERROR
p0025-harden-the-pcnet_tmd_store-walk-budget.patch	harden the pcnet_tmd_store walk budget
p0026-pcie_sriov:-Ensure-VF-function-number-does-not-overflow-(part-9/26).patch	pcie_sriov: Ensure VF function number does not overflow (part 9/26)
p0027-vfio-container-base:-Introduce-vfio_container_get_iova_ranges()-helper.patch	vfio-container-base: Introduce vfio_container_get_iova_ranges() helper
p0028-harden-the-virtio_net_apply_guest_offloads-walk-budget.patch	harden the virtio_net_apply_guest_offloads walk budget
p0029-disas:-Fix-build-against-Capstone-v6.patch	disas: Fix build against Capstone v6
p0030-pcie_sriov:-Ensure-VF-function-number-does-not-overflow-(part-10/26).patch	pcie_sriov: Ensure VF function number does not overflow (part 10/26)
p0031-pcie_sriov:-Ensure-VF-function-number-does-not-overflow-(part-11/26).patch	pcie_sriov: Ensure VF function number does not overflow (part 11/26)
p0032-accel/tcg:-Make-TCGCPUOps::cpu_exec_halt-mandatory.patch	accel/tcg: Make TCGCPUOps::cpu_exec_halt mandatory
p0033-harden-the-igb_set_eims-walk-budget.patch	harden the igb_set_eims walk budget
p0034-hw/misc:-In-STM32L4x5-EXTI,-consolidate-2-constants.patch	hw/misc: In STM32L4x5 EXTI, consolidate 2 constants
p0035-pcie_sriov:-Ensure-VF-function-number-does-not-overflow-(part-12/26).patch	pcie_sriov: Ensure VF function number does not overflow (part 12/26)
p0036-pcie_sriov:-Ensure-VF-function-number-does-not-overflow-(part-13/26).patch	pcie_sriov: Ensure VF function number does not overflow (part 13/26)
p0037-plugins:-Free-CPUPluginState-before-destroying-vCPU-state.patch	plugins: Free CPUPluginState before destroying vCPU state
p0038-target/arm:-Factor-out-code-for-setting-MTE-TCF0-field.patch	target/arm: Factor out code for setting MTE TCF0 field
p0039-pcie_sriov:-Ensure-VF-function-number-does-not-overflow-(part-14/26).patch	pcie_sriov: Ensure VF function number does not overflow (part 14/26)
p0040-pcie_sriov:-Ensure-VF-function-number-does-not-overflow-(part-15/26).patch	pcie_sriov: Ensure VF function number does not overflow (part 15/26)
p0041-python:-linter-changes-for-pylint-3.x.patch	python: linter changes for pylint 3.x
p0042-pcie_sriov:-Ensure-VF-function-number-does-not-overflow-(part-16/26).patch	pcie_sriov: Ensure VF function number does not overflow (part 16/26)
p0043-qapi:-convert-"Example"-sections-without-titles.patch	qapi: convert "Example" sections without titles
p0044-qapi:-convert-"Example"-sections-without-titles.patch	qapi: convert "Example" sections without titles
p0045-sync-upstream-changes-(qapi/yank.json).patch	sync upstream changes (qapi/yank.json)
p0046-sync-upstream-changes-(qemu-options.hx).patch	sync upstream changes (qemu-options.hx)
p0047-sync-upstream-changes-(qga/qapi-schema.json).patch	sync upstream changes (qga/qapi-schema.json)
p0048-sync-upstream-changes-(scripts/meson-buildoptions.sh).patch	sync upstream changes (scripts/meson-buildoptions.sh)
p0049-sync-upstream-changes-(scripts/qapi/introspect.py).patch	sync upstream changes (scripts/qapi/introspect.py)
p0050-sync-upstream-changes-(scripts/qapi/parser.py).patch	sync upstream changes (scripts/qapi/parser.py)
p0051-sync-upstream-changes-(scripts/qapi/schema.py).patch	sync upstream changes (scripts/qapi/schema.py)
p0052-sync-upstream-changes-(scripts/qapi/visit.py).patch	sync upstream changes (scripts/qapi/visit.py)
p0053-sync-upstream-changes-(storage-daemon/meson.build).patch	sync upstream changes (storage-daemon/meson.build)
p0054-meson:-Drop-the-.fa-library-suffix.patch	meson: Drop the .fa library suffix
p0055-pcie_sriov:-Ensure-VF-function-number-does-not-overflow-(part-17/26).patch	pcie_sriov: Ensure VF function number does not overflow (part 17/26)
p0056-gdbstub:-Add-support-for-MTE-in-user-mode.patch	gdbstub: Add support for MTE in user mode
p0057-target/arm:-Make-some-MTE-helpers-widely-available.patch	target/arm: Make some MTE helpers widely available
p0058-pcie_sriov:-Ensure-VF-function-number-does-not-overflow-(part-18/26).patch	pcie_sriov: Ensure VF function number does not overflow (part 18/26)
p0059-pcie_sriov:-Ensure-VF-function-number-does-not-overflow-(part-19/26).patch	pcie_sriov: Ensure VF function number does not overflow (part 19/26)
p0060-target/arm:-Allow-FPCR-bits-that-aren't-in-FPSCR.patch	target/arm: Allow FPCR bits that aren't in FPSCR
p0061-Merge-tag-'for-upstream'-of-https://gitlab.com/bonzini/qemu-into-stagi.patch	Merge tag 'for-upstream' of https://gitlab.com/bonzini/qemu into stagi
p0062-pcie_sriov:-Ensure-VF-function-number-does-not-overflow-(part-20/26).patch	pcie_sriov: Ensure VF function number does not overflow (part 20/26)
p0063-target:-Set-TCGCPUOps::cpu_exec_halt-to-target's-has_work-implementati.patch	target: Set TCGCPUOps::cpu_exec_halt to target's has_work implementati
p0064-target/riscv:-Add-zcmop-extension.patch	target/riscv: Add zcmop extension
p0065-target:-Set-TCGCPUOps::cpu_exec_halt-to-target's-has_work-implementati.patch	target: Set TCGCPUOps::cpu_exec_halt to target's has_work implementati
p0066-pcie_sriov:-Ensure-VF-function-number-does-not-overflow-(part-21/26).patch	pcie_sriov: Ensure VF function number does not overflow (part 21/26)
p0067-target:-Set-TCGCPUOps::cpu_exec_halt-to-target's-has_work-implementati.patch	target: Set TCGCPUOps::cpu_exec_halt to target's has_work implementati
p0068-pcie_sriov:-Ensure-VF-function-number-does-not-overflow-(part-22/26).patch	pcie_sriov: Ensure VF function number does not overflow (part 22/26)
p0069-pcie_sriov:-Ensure-VF-function-number-does-not-overflow-(part-23/26).patch	pcie_sriov: Ensure VF function number does not overflow (part 23/26)
p0070-tests/avocado:-use-default-amount-of-cores-on-sbsa-ref.patch	tests/avocado: use default amount of cores on sbsa-ref
p0071-sync-upstream-changes.patch	sync upstream changes
p0072-iotests:-Change-imports-for-Python-3.13.patch	iotests: Change imports for Python 3.13
p0073-tests/qtest:-Free-paths.patch	tests/qtest: Free paths
p0074-tests/tcg/aarch64:-Add-MTE-gdbstub-tests.patch	tests/tcg/aarch64: Add MTE gdbstub tests
p0075-pcie_sriov:-Ensure-VF-function-number-does-not-overflow-(part-24/26).patch	pcie_sriov: Ensure VF function number does not overflow (part 24/26)
p0076-tests/tcg/arm:-Fix-fcvt-result-messages.patch	tests/tcg/arm: Fix fcvt result messages
p0077-ui/console:-Convert-mouse-visibility-parameter-into-bool.patch	ui/console: Convert mouse visibility parameter into bool
p0078-pcie_sriov:-Ensure-VF-function-number-does-not-overflow-(part-25/26).patch	pcie_sriov: Ensure VF function number does not overflow (part 25/26)
p0079-pcie_sriov:-Ensure-VF-function-number-does-not-overflow-(part-26/26).patch	pcie_sriov: Ensure VF function number does not overflow (part 26/26)
