p0001-Move-ARM-build-to-CircleCI.patch	Move ARM build to CircleCI
p0002-Fix-bug-#67440:-append_node-of-a-DOMDocumentFragment-does-not-reconcil.patch	Fix bug #67440: append_node of a DOMDocumentFragment does not reconcil
p0003-Fix-bug-#67440:-append_node-of-a-DOMDocumentFragment-does-not-reconcil.patch	Fix bug #67440: append_node of a DOMDocumentFragment does not reconcil
p0004-Fix-bug-#67440:-append_node-of-a-DOMDocumentFragment-does-not-reconcil.patch	Fix bug #67440: append_node of a DOMDocumentFragment does not reconcil
p0005-Fix-use-after-free-of-constant-name-(part-1/53).patch	Fix use-after-free of constant name (part 1/53)
p0006-Fix-use-after-free-of-constant-name-(part-2/53).patch	Fix use-after-free of constant name (part 2/53)
p0007-sync-upstream-changes.patch	sync upstream changes
p0008-sync-upstream-changes.patch	sync upstream changes
p0009-Fix-use-after-free-of-constant-name-(part-3/53).patch	Fix use-after-free of constant name (part 3/53)
p0010-harden-the-zend_weakmap_iterator_get_pos_ptr-walk-budget.patch	harden the zend_weakmap_iterator_get_pos_ptr walk budget
p0011-sync-upstream-changes.patch	sync upstream changes
p0012-Fix-use-after-free-of-constant-name-(part-4/53).patch	Fix use-after-free of constant name (part 4/53)
p0013-Fix-use-after-free-of-constant-name-(part-5/53).patch	Fix use-after-free of constant name (part 5/53)
p0014-Fix-use-after-free-of-constant-name-(part-6/53).patch	Fix use-after-free of constant name (part 6/53)
p0015-Fix-bug-#67440:-append_node-of-a-DOMDocumentFragment-does-not-reconcil.patch	Fix bug #67440: append_node of a DOMDocumentFragment does not reconcil
p0016-Fix-use-after-free-of-constant-name-(part-7/53).patch	Fix use-after-free of constant name (part 7/53)
p0017-Fix-use-after-free-of-constant-name-(part-8/53).patch	Fix use-after-free of constant name (part 8/53)
p0018-Fix-bug-#67440:-append_node-of-a-DOMDocumentFragment-does-not-reconcil.patch	Fix bug #67440: append_node of a DOMDocumentFragment does not reconcil
p0019-Fix-use-after-free-of-constant-name-(part-9/53).patch	Fix use-after-free of constant name (part 9/53)
p0020-Fix-use-after-free-of-constant-name-(part-10/53).patch	Fix use-after-free of constant name (part 10/53)
p0021-sync-upstream-changes.patch	sync upstream changes
p0022-Fix-use-after-free-of-constant-name-(part-11/53).patch	Fix use-after-free of constant name (part 11/53)
p0023-Fix-bug-#67440:-append_node-of-a-DOMDocumentFragment-does-not-reconcil.patch	Fix bug #67440: append_node of a DOMDocumentFragment does not reconcil
p0024-Fix-use-after-free-of-constant-name-(part-12/53).patch	Fix use-after-free of constant name (part 12/53)
p0025-Fix-use-after-free-of-constant-name-(part-13/53).patch	Fix use-after-free of constant name (part 13/53)
p0026-Fix-bug-#67440:-append_node-of-a-DOMDocumentFragment-does-not-reconcil.patch	Fix bug #67440: append_node of a DOMDocumentFragment does not reconcil
p0027-Fix-use-after-free-of-constant-name-(part-14/53).patch	Fix use-after-free of constant name (part 14/53)
p0028-sync-upstream-changes.patch	sync upstream changes
p0029-Fix-use-after-free-of-constant-name-(part-15/53).patch	Fix use-after-free of constant name (part 15/53)
p0030-Fix-bug-#67440:-append_node-of-a-DOMDocumentFragment-does-not-reconcil.patch	Fix bug #67440: append_node of a DOMDocumentFragment does not reconcil
p0031-Fix-bug-#67440:-append_node-of-a-DOMDocumentFragment-does-not-reconcil.patch	Fix bug #67440: append_node of a DOMDocumentFragment does not reconcil
p0032-Fix-use-after-free-of-constant-name-(part-16/53).patch	Fix use-after-free of constant name (part 16/53)
p0033-sync-upstream-changes-(ext/mbstring/libmbfl/filters/translit_ka).patch	sync upstream changes (ext/mbstring/libmbfl/filters/translit_ka)
p0034-sync-upstream-changes-(ext/mbstring/libmbfl/filters/unicode_tab).patch	sync upstream changes (ext/mbstring/libmbfl/filters/unicode_tab)
p0035-sync-upstream-changes-(ext/mbstring/libmbfl/filters/utf7_helper).patch	sync upstream changes (ext/mbstring/libmbfl/filters/utf7_helper)
p0036-sync-upstream-changes-(ext/mbstring/libmbfl/mbfl/eaw_table.h).patch	sync upstream changes (ext/mbstring/libmbfl/mbfl/eaw_table.h)
p0037-sync-upstream-changes-(ext/mbstring/libmbfl/mbfl/mbfilter.c).patch	sync upstream changes (ext/mbstring/libmbfl/mbfl/mbfilter.c)
p0038-sync-upstream-changes-(ext/mbstring/libmbfl/mbfl/mbfilter.h).patch	sync upstream changes (ext/mbstring/libmbfl/mbfl/mbfilter.h)
p0039-sync-upstream-changes-(ext/mbstring/libmbfl/mbfl/mbfilter_8bit.).patch	sync upstream changes (ext/mbstring/libmbfl/mbfl/mbfilter_8bit.)
p0040-sync-upstream-changes-(ext/mbstring/libmbfl/mbfl/mbfilter_pass.).patch	sync upstream changes (ext/mbstring/libmbfl/mbfl/mbfilter_pass.)
p0041-sync-upstream-changes-(ext/mbstring/libmbfl/mbfl/mbfilter_wchar).patch	sync upstream changes (ext/mbstring/libmbfl/mbfl/mbfilter_wchar)
p0042-sync-upstream-changes-(ext/mbstring/libmbfl/mbfl/mbfl_consts.h).patch	sync upstream changes (ext/mbstring/libmbfl/mbfl/mbfl_consts.h)
p0043-sync-upstream-changes-(ext/mbstring/libmbfl/mbfl/mbfl_convert.c).patch	sync upstream changes (ext/mbstring/libmbfl/mbfl/mbfl_convert.c)
p0044-sync-upstream-changes-(ext/mbstring/libmbfl/mbfl/mbfl_convert.h).patch	sync upstream changes (ext/mbstring/libmbfl/mbfl/mbfl_convert.h)
p0045-sync-upstream-changes-(ext/mbstring/libmbfl/mbfl/mbfl_encoding.).patch	sync upstream changes (ext/mbstring/libmbfl/mbfl/mbfl_encoding.)
p0046-sync-upstream-changes-(ext/mbstring/libmbfl/mbfl/mbfl_language.).patch	sync upstream changes (ext/mbstring/libmbfl/mbfl/mbfl_language.)
p0047-sync-upstream-changes-(ext/mbstring/libmbfl/mbfl/mbfl_language.).patch	sync upstream changes (ext/mbstring/libmbfl/mbfl/mbfl_language.)
p0048-sync-upstream-changes-(ext/mbstring/libmbfl/nls/nls_de.c).patch	sync upstream changes (ext/mbstring/libmbfl/nls/nls_de.c)
p0049-sync-upstream-changes-(ext/mbstring/libmbfl/nls/nls_uni.c).patch	sync upstream changes (ext/mbstring/libmbfl/nls/nls_uni.c)
p0050-sync-upstream-changes-(ext/mbstring/mb_gpc.c).patch	sync upstream changes (ext/mbstring/mb_gpc.c)
p0051-sync-upstream-changes-(ext/mbstring/mb_gpc.h).patch	sync upstream changes (ext/mbstring/mb_gpc.h)
p0052-sync-upstream-changes-(ext/mbstring/mbstring.c).patch	sync upstream changes (ext/mbstring/mbstring.c)
p0053-sync-upstream-changes-(ext/mbstring/mbstring.h).patch	sync upstream changes (ext/mbstring/mbstring.h)
p0054-sync-upstream-changes-(ext/mbstring/mbstring.stub.php).patch	sync upstream changes (ext/mbstring/mbstring.stub.php)
p0055-sync-upstream-changes-(ext/mbstring/mbstring_arginfo.h).patch	sync upstream changes (ext/mbstring/mbstring_arginfo.h)
p0056-sync-upstream-changes-(ext/mbstring/php_mbregex.c).patch	sync upstream changes (ext/mbstring/php_mbregex.c)
p0057-sync-upstream-changes-(ext/mbstring/php_mbregex.h).patch	sync upstream changes (ext/mbstring/php_mbregex.h)
p0058-sync-upstream-changes-(ext/mbstring/php_unicode.c).patch	sync upstream changes (ext/mbstring/php_unicode.c)
p0059-sync-upstream-changes-(ext/mbstring/tests/armscii8_encoding.php).patch	sync upstream changes (ext/mbstring/tests/armscii8_encoding.php)
p0060-sync-upstream-changes-(ext/mbstring/tests/base64_encoding.phpt).patch	sync upstream changes (ext/mbstring/tests/base64_encoding.phpt)
p0061-sync-upstream-changes-(ext/mbstring/tests/bug40685.phpt).patch	sync upstream changes (ext/mbstring/tests/bug40685.phpt)
p0062-sync-upstream-changes-(ext/mbstring/tests/bug45722.phpt).patch	sync upstream changes (ext/mbstring/tests/bug45722.phpt)
p0063-sync-upstream-changes-(ext/mbstring/tests/bug52681.phpt).patch	sync upstream changes (ext/mbstring/tests/bug52681.phpt)
p0064-sync-upstream-changes-(ext/mbstring/tests/bug63447_001.phpt).patch	sync upstream changes (ext/mbstring/tests/bug63447_001.phpt)
p0065-sync-upstream-changes-(ext/mbstring/tests/bug63447_002.phpt).patch	sync upstream changes (ext/mbstring/tests/bug63447_002.phpt)
p0066-sync-upstream-changes-(ext/mbstring/tests/bug65045.phpt).patch	sync upstream changes (ext/mbstring/tests/bug65045.phpt)
p0067-sync-upstream-changes-(ext/mbstring/tests/bug71606.phpt).patch	sync upstream changes (ext/mbstring/tests/bug71606.phpt)
p0068-sync-upstream-changes-(ext/mbstring/tests/cp1252_encoding.phpt).patch	sync upstream changes (ext/mbstring/tests/cp1252_encoding.phpt)
p0069-sync-upstream-changes-(ext/mbstring/tests/cp1254_encoding.phpt).patch	sync upstream changes (ext/mbstring/tests/cp1254_encoding.phpt)
p0070-sync-upstream-changes-(ext/mbstring/tests/cp5022x_encoding.phpt).patch	sync upstream changes (ext/mbstring/tests/cp5022x_encoding.phpt)
p0071-sync-upstream-changes-(ext/mbstring/tests/cp850_encoding.phpt).patch	sync upstream changes (ext/mbstring/tests/cp850_encoding.phpt)
p0072-sync-upstream-changes-(ext/mbstring/tests/cp866_encoding.phpt).patch	sync upstream changes (ext/mbstring/tests/cp866_encoding.phpt)
p0073-sync-upstream-changes-(ext/mbstring/tests/encoding_tests.inc).patch	sync upstream changes (ext/mbstring/tests/encoding_tests.inc)
p0074-sync-upstream-changes-(ext/mbstring/tests/gb18030_encoding.phpt).patch	sync upstream changes (ext/mbstring/tests/gb18030_encoding.phpt)
p0075-sync-upstream-changes-(ext/mbstring/tests/gh10192_utf7.phpt).patch	sync upstream changes (ext/mbstring/tests/gh10192_utf7.phpt)
p0076-sync-upstream-changes-(ext/mbstring/tests/gh10192_utf7imap.phpt).patch	sync upstream changes (ext/mbstring/tests/gh10192_utf7imap.phpt)
p0077-sync-upstream-changes-(ext/mbstring/tests/gh11217.phpt).patch	sync upstream changes (ext/mbstring/tests/gh11217.phpt)
p0078-sync-upstream-changes-(ext/mbstring/tests/gh8086.phpt).patch	sync upstream changes (ext/mbstring/tests/gh8086.phpt)
p0079-sync-upstream-changes-(ext/mbstring/tests/gh9248.phpt).patch	sync upstream changes (ext/mbstring/tests/gh9248.phpt)
p0080-sync-upstream-changes-(ext/mbstring/tests/gh9535.phpt).patch	sync upstream changes (ext/mbstring/tests/gh9535.phpt)
p0081-sync-upstream-changes-(ext/mbstring/tests/htmlent_encoding.phpt).patch	sync upstream changes (ext/mbstring/tests/htmlent_encoding.phpt)
p0082-sync-upstream-changes-(ext/mbstring/tests/hz_encoding.phpt).patch	sync upstream changes (ext/mbstring/tests/hz_encoding.phpt)
p0083-sync-upstream-changes-(ext/mbstring/tests/illformed_utf_sequenc).patch	sync upstream changes (ext/mbstring/tests/illformed_utf_sequenc)
p0084-sync-upstream-changes-(ext/mbstring/tests/iso2022jp_2004_encodi).patch	sync upstream changes (ext/mbstring/tests/iso2022jp_2004_encodi)
p0085-sync-upstream-changes-(ext/mbstring/tests/iso2022jp_encoding.ph).patch	sync upstream changes (ext/mbstring/tests/iso2022jp_encoding.ph)
p0086-sync-upstream-changes-(ext/mbstring/tests/iso2022jp_kddi_encodi).patch	sync upstream changes (ext/mbstring/tests/iso2022jp_kddi_encodi)
p0087-sync-upstream-changes-(ext/mbstring/tests/iso2022kr_encoding.ph).patch	sync upstream changes (ext/mbstring/tests/iso2022kr_encoding.ph)
p0088-sync-upstream-changes-(ext/mbstring/tests/iso8859_encodings.php).patch	sync upstream changes (ext/mbstring/tests/iso8859_encodings.php)
p0089-sync-upstream-changes-(ext/mbstring/tests/koi8r_encoding.phpt).patch	sync upstream changes (ext/mbstring/tests/koi8r_encoding.phpt)
p0090-sync-upstream-changes-(ext/mbstring/tests/koi8u_encoding.phpt).patch	sync upstream changes (ext/mbstring/tests/koi8u_encoding.phpt)
p0091-sync-upstream-changes-(ext/mbstring/tests/mb_convert_encoding.p).patch	sync upstream changes (ext/mbstring/tests/mb_convert_encoding.p)
p0092-sync-upstream-changes-(ext/mbstring/tests/mb_convert_encoding_a).patch	sync upstream changes (ext/mbstring/tests/mb_convert_encoding_a)
p0093-sync-upstream-changes-(ext/mbstring/tests/mb_convert_kana.phpt).patch	sync upstream changes (ext/mbstring/tests/mb_convert_kana.phpt)
p0094-sync-upstream-changes-(ext/mbstring/tests/mb_decode_numericenti).patch	sync upstream changes (ext/mbstring/tests/mb_decode_numericenti)
p0095-sync-upstream-changes-(ext/mbstring/tests/mb_encode_numericenti).patch	sync upstream changes (ext/mbstring/tests/mb_encode_numericenti)
p0096-sync-upstream-changes-(ext/mbstring/tests/mb_ereg_search_syntax).patch	sync upstream changes (ext/mbstring/tests/mb_ereg_search_syntax)
p0097-sync-upstream-changes-(ext/mbstring/tests/mb_http_input_001.php).patch	sync upstream changes (ext/mbstring/tests/mb_http_input_001.php)
p0098-sync-upstream-changes-(ext/mbstring/tests/mb_parse_str_error.ph).patch	sync upstream changes (ext/mbstring/tests/mb_parse_str_error.ph)
p0099-sync-upstream-changes-(ext/mbstring/tests/mb_parse_str_multi.ph).patch	sync upstream changes (ext/mbstring/tests/mb_parse_str_multi.ph)
p0100-sync-upstream-changes-(ext/mbstring/tests/mb_send_mail01.phpt).patch	sync upstream changes (ext/mbstring/tests/mb_send_mail01.phpt)
p0101-sync-upstream-changes-(ext/mbstring/tests/mb_send_mail03.phpt).patch	sync upstream changes (ext/mbstring/tests/mb_send_mail03.phpt)
p0102-sync-upstream-changes-(ext/mbstring/tests/mb_send_mail04.phpt).patch	sync upstream changes (ext/mbstring/tests/mb_send_mail04.phpt)
p0103-Fix-use-after-free-of-constant-name-(part-17/53).patch	Fix use-after-free of constant name (part 17/53)
p0104-harden-the-make_persistent_sdl_soap_body-walk-budget.patch	harden the make_persistent_sdl_soap_body walk budget
p0105-sync-upstream-changes-(ext/mbstring/tests/mb_str_split_jp.phpt).patch	sync upstream changes (ext/mbstring/tests/mb_str_split_jp.phpt)
p0106-sync-upstream-changes-(ext/mbstring/tests/mb_strimwidth.phpt).patch	sync upstream changes (ext/mbstring/tests/mb_strimwidth.phpt)
p0107-sync-upstream-changes-(ext/mbstring/tests/mb_strlen_variation3.).patch	sync upstream changes (ext/mbstring/tests/mb_strlen_variation3.)
p0108-sync-upstream-changes-(ext/mbstring/tests/mb_strrpos_basic.phpt).patch	sync upstream changes (ext/mbstring/tests/mb_strrpos_basic.phpt)
p0109-sync-upstream-changes-(ext/mbstring/tests/mb_substitute_charact).patch	sync upstream changes (ext/mbstring/tests/mb_substitute_charact)
p0110-sync-upstream-changes-(ext/mbstring/tests/mb_substr.phpt).patch	sync upstream changes (ext/mbstring/tests/mb_substr.phpt)
p0111-sync-upstream-changes-(ext/mbstring/tests/other_encodings.phpt).patch	sync upstream changes (ext/mbstring/tests/other_encodings.phpt)
p0112-sync-upstream-changes-(ext/mbstring/tests/qprint_encoding.phpt).patch	sync upstream changes (ext/mbstring/tests/qprint_encoding.phpt)
p0113-sync-upstream-changes-(ext/mbstring/tests/sjis_mobile_encodings).patch	sync upstream changes (ext/mbstring/tests/sjis_mobile_encodings)
p0114-sync-upstream-changes-(ext/mbstring/tests/sjismac_encoding.phpt).patch	sync upstream changes (ext/mbstring/tests/sjismac_encoding.phpt)
p0115-sync-upstream-changes-(ext/mbstring/tests/ucs2_encoding.phpt).patch	sync upstream changes (ext/mbstring/tests/ucs2_encoding.phpt)
p0116-sync-upstream-changes-(ext/mbstring/tests/ucs4_encoding.phpt).patch	sync upstream changes (ext/mbstring/tests/ucs4_encoding.phpt)
p0117-sync-upstream-changes-(ext/mbstring/tests/uhc_encoding.phpt).patch	sync upstream changes (ext/mbstring/tests/uhc_encoding.phpt)
p0118-sync-upstream-changes-(ext/mbstring/tests/utf7imap_encoding.php).patch	sync upstream changes (ext/mbstring/tests/utf7imap_encoding.php)
p0119-sync-upstream-changes-(ext/mbstring/tests/utf8_mobile_encodings).patch	sync upstream changes (ext/mbstring/tests/utf8_mobile_encodings)
p0120-sync-upstream-changes-(ext/mbstring/tests/utf_encodings.phpt).patch	sync upstream changes (ext/mbstring/tests/utf_encodings.phpt)
p0121-sync-upstream-changes-(ext/mbstring/tests/uuencode_encoding.php).patch	sync upstream changes (ext/mbstring/tests/uuencode_encoding.php)
p0122-sync-upstream-changes-(ext/mbstring/ucgendat/ucgendat.php).patch	sync upstream changes (ext/mbstring/ucgendat/ucgendat.php)
p0123-sync-upstream-changes-(ext/mysqli/config.m4).patch	sync upstream changes (ext/mysqli/config.m4)
p0124-sync-upstream-changes-(ext/mysqli/config.w32).patch	sync upstream changes (ext/mysqli/config.w32)
p0125-sync-upstream-changes-(ext/mysqli/mysqli.c).patch	sync upstream changes (ext/mysqli/mysqli.c)
p0126-sync-upstream-changes-(ext/mysqli/mysqli.stub.php).patch	sync upstream changes (ext/mysqli/mysqli.stub.php)
p0127-sync-upstream-changes-(ext/mysqli/mysqli_api.c).patch	sync upstream changes (ext/mysqli/mysqli_api.c)
p0128-sync-upstream-changes-(ext/mysqli/mysqli_arginfo.h).patch	sync upstream changes (ext/mysqli/mysqli_arginfo.h)
p0129-sync-upstream-changes-(ext/mysqli/mysqli_driver.c).patch	sync upstream changes (ext/mysqli/mysqli_driver.c)
p0130-sync-upstream-changes-(ext/mysqli/mysqli_libmysql.h).patch	sync upstream changes (ext/mysqli/mysqli_libmysql.h)
p0131-sync-upstream-changes-(ext/mysqli/mysqli_nonapi.c).patch	sync upstream changes (ext/mysqli/mysqli_nonapi.c)
p0132-sync-upstream-changes-(ext/mysqli/mysqli_priv.h).patch	sync upstream changes (ext/mysqli/mysqli_priv.h)
p0133-sync-upstream-changes-(ext/mysqli/mysqli_prop.c).patch	sync upstream changes (ext/mysqli/mysqli_prop.c)
p0134-sync-upstream-changes-(ext/mysqli/mysqli_result_iterator.c).patch	sync upstream changes (ext/mysqli/mysqli_result_iterator.c)
p0135-sync-upstream-changes-(ext/mysqli/mysqli_warning.c).patch	sync upstream changes (ext/mysqli/mysqli_warning.c)
p0136-sync-upstream-changes-(ext/mysqli/php_mysqli_structs.h).patch	sync upstream changes (ext/mysqli/php_mysqli_structs.h)
p0137-sync-upstream-changes-(ext/mysqli/tests/014.phpt).patch	sync upstream changes (ext/mysqli/tests/014.phpt)
p0138-sync-upstream-changes-(ext/mysqli/tests/015.phpt).patch	sync upstream changes (ext/mysqli/tests/015.phpt)
p0139-sync-upstream-changes-(ext/mysqli/tests/045.phpt).patch	sync upstream changes (ext/mysqli/tests/045.phpt)
p0140-sync-upstream-changes-(ext/mysqli/tests/067.phpt).patch	sync upstream changes (ext/mysqli/tests/067.phpt)
p0141-sync-upstream-changes-(ext/mysqli/tests/071.phpt).patch	sync upstream changes (ext/mysqli/tests/071.phpt)
p0142-sync-upstream-changes-(ext/mysqli/tests/bug34785.phpt).patch	sync upstream changes (ext/mysqli/tests/bug34785.phpt)
p0143-sync-upstream-changes-(ext/mysqli/tests/bug38710.phpt).patch	sync upstream changes (ext/mysqli/tests/bug38710.phpt)
p0144-sync-upstream-changes-(ext/mysqli/tests/bug42548.phpt).patch	sync upstream changes (ext/mysqli/tests/bug42548.phpt)
p0145-sync-upstream-changes-(ext/mysqli/tests/bug44897.phpt).patch	sync upstream changes (ext/mysqli/tests/bug44897.phpt)
p0146-sync-upstream-changes-(ext/mysqli/tests/bug45019.phpt).patch	sync upstream changes (ext/mysqli/tests/bug45019.phpt)
p0147-sync-upstream-changes-(ext/mysqli/tests/bug45289.phpt).patch	sync upstream changes (ext/mysqli/tests/bug45289.phpt)
p0148-sync-upstream-changes-(ext/mysqli/tests/bug46614.phpt).patch	sync upstream changes (ext/mysqli/tests/bug46614.phpt)
p0149-sync-upstream-changes-(ext/mysqli/tests/bug49442.phpt).patch	sync upstream changes (ext/mysqli/tests/bug49442.phpt)
p0150-sync-upstream-changes-(ext/mysqli/tests/bug51605.phpt).patch	sync upstream changes (ext/mysqli/tests/bug51605.phpt)
p0151-sync-upstream-changes-(ext/mysqli/tests/bug51647.phpt).patch	sync upstream changes (ext/mysqli/tests/bug51647.phpt)
p0152-sync-upstream-changes-(ext/mysqli/tests/bug52891.phpt).patch	sync upstream changes (ext/mysqli/tests/bug52891.phpt)
p0153-sync-upstream-changes-(ext/mysqli/tests/bug53503.phpt).patch	sync upstream changes (ext/mysqli/tests/bug53503.phpt)
p0154-sync-upstream-changes-(ext/mysqli/tests/bug54221.phpt).patch	sync upstream changes (ext/mysqli/tests/bug54221.phpt)
p0155-sync-upstream-changes-(ext/mysqli/tests/bug54674.phpt).patch	sync upstream changes (ext/mysqli/tests/bug54674.phpt)
p0156-sync-upstream-changes-(ext/mysqli/tests/bug55283.phpt).patch	sync upstream changes (ext/mysqli/tests/bug55283.phpt)
p0157-sync-upstream-changes-(ext/mysqli/tests/bug55582.phpt).patch	sync upstream changes (ext/mysqli/tests/bug55582.phpt)
p0158-sync-upstream-changes-(ext/mysqli/tests/bug62885.phpt).patch	sync upstream changes (ext/mysqli/tests/bug62885.phpt)
p0159-sync-upstream-changes-(ext/mysqli/tests/bug63398.phpt).patch	sync upstream changes (ext/mysqli/tests/bug63398.phpt)
p0160-sync-upstream-changes-(ext/mysqli/tests/bug64726.phpt).patch	sync upstream changes (ext/mysqli/tests/bug64726.phpt)
p0161-sync-upstream-changes-(ext/mysqli/tests/bug66124.phpt).patch	sync upstream changes (ext/mysqli/tests/bug66124.phpt)
p0162-sync-upstream-changes-(ext/mysqli/tests/bug67983.phpt).patch	sync upstream changes (ext/mysqli/tests/bug67983.phpt)
p0163-sync-upstream-changes-(ext/mysqli/tests/bug68077.phpt).patch	sync upstream changes (ext/mysqli/tests/bug68077.phpt)
p0164-sync-upstream-changes-(ext/mysqli/tests/bug69899.phpt).patch	sync upstream changes (ext/mysqli/tests/bug69899.phpt)
p0165-sync-upstream-changes-(ext/mysqli/tests/bug70384.phpt).patch	sync upstream changes (ext/mysqli/tests/bug70384.phpt)
p0166-sync-upstream-changes-(ext/mysqli/tests/bug70949.phpt).patch	sync upstream changes (ext/mysqli/tests/bug70949.phpt)
p0167-sync-upstream-changes-(ext/mysqli/tests/bug71863.phpt).patch	sync upstream changes (ext/mysqli/tests/bug71863.phpt)
p0168-sync-upstream-changes-(ext/mysqli/tests/bug72701.phpt).patch	sync upstream changes (ext/mysqli/tests/bug72701.phpt)
p0169-sync-upstream-changes-(ext/mysqli/tests/bug76386.phpt).patch	sync upstream changes (ext/mysqli/tests/bug76386.phpt)
p0170-sync-upstream-changes-(ext/mysqli/tests/bug77935.phpt).patch	sync upstream changes (ext/mysqli/tests/bug77935.phpt)
p0171-sync-upstream-changes-(ext/mysqli/tests/bug77956.phpt).patch	sync upstream changes (ext/mysqli/tests/bug77956.phpt)
p0172-sync-upstream-changes-(ext/mysqli/tests/clean_table.inc).patch	sync upstream changes (ext/mysqli/tests/clean_table.inc)
p0173-sync-upstream-changes-(ext/mysqli/tests/connect.inc).patch	sync upstream changes (ext/mysqli/tests/connect.inc)
p0174-sync-upstream-changes-(ext/mysqli/tests/deprecated_constants.ph).patch	sync upstream changes (ext/mysqli/tests/deprecated_constants.ph)
p0175-sync-upstream-changes-(ext/mysqli/tests/gh7746.phpt).patch	sync upstream changes (ext/mysqli/tests/gh7746.phpt)
p0176-sync-upstream-changes-(ext/mysqli/tests/gh7837.phpt).patch	sync upstream changes (ext/mysqli/tests/gh7837.phpt)
p0177-Fix-use-after-free-of-constant-name-(part-18/53).patch	Fix use-after-free of constant name (part 18/53)
p0178-Fix-bug-#67440:-append_node-of-a-DOMDocumentFragment-does-not-reconcil.patch	Fix bug #67440: append_node of a DOMDocumentFragment does not reconcil
p0179-Fix-bug-#67440:-append_node-of-a-DOMDocumentFragment-does-not-reconcil.patch	Fix bug #67440: append_node of a DOMDocumentFragment does not reconcil
p0180-Fix-use-after-free-of-constant-name-(part-19/53).patch	Fix use-after-free of constant name (part 19/53)
p0181-Fix-return-type-of-odbc_data_source().patch	Fix return type of odbc_data_source()
p0182-Fix-use-after-free-of-constant-name-(part-20/53).patch	Fix use-after-free of constant name (part 20/53)
p0183-Fix-bug-#67440:-append_node-of-a-DOMDocumentFragment-does-not-reconcil.patch	Fix bug #67440: append_node of a DOMDocumentFragment does not reconcil
p0184-Fix-use-after-free-of-constant-name-(part-21/53).patch	Fix use-after-free of constant name (part 21/53)
p0185-Fix-use-after-free-of-constant-name-(part-22/53).patch	Fix use-after-free of constant name (part 22/53)
p0186-Fix-bug-#67440:-append_node-of-a-DOMDocumentFragment-does-not-reconcil.patch	Fix bug #67440: append_node of a DOMDocumentFragment does not reconcil
p0187-Fix-use-after-free-of-constant-name-(part-23/53).patch	Fix use-after-free of constant name (part 23/53)
p0188-Fix-use-after-free-of-constant-name-(part-24/53).patch	Fix use-after-free of constant name (part 24/53)
p0189-Fix-use-after-free-of-constant-name-(part-25/53).patch	Fix use-after-free of constant name (part 25/53)
p0190-Fix-use-after-free-of-constant-name-(part-26/53).patch	Fix use-after-free of constant name (part 26/53)
p0191-Fix-use-after-free-of-constant-name-(part-27/53).patch	Fix use-after-free of constant name (part 27/53)
p0192-Fix-use-after-free-of-constant-name-(part-28/53).patch	Fix use-after-free of constant name (part 28/53)
p0193-Fix-use-after-free-of-constant-name-(part-29/53).patch	Fix use-after-free of constant name (part 29/53)
p0194-Fix-use-after-free-of-constant-name-(part-30/53).patch	Fix use-after-free of constant name (part 30/53)
p0195-sync-upstream-changes.patch	sync upstream changes
p0196-Fix-use-after-free-of-constant-name-(part-31/53).patch	Fix use-after-free of constant name (part 31/53)
p0197-Fix-bug-#67440:-append_node-of-a-DOMDocumentFragment-does-not-reconcil.patch	Fix bug #67440: append_node of a DOMDocumentFragment does not reconcil
p0198-Fix-use-after-free-of-constant-name-(part-32/53).patch	Fix use-after-free of constant name (part 32/53)
p0199-sync-upstream-changes.patch	sync upstream changes
p0200-Fix-bug-#67440:-append_node-of-a-DOMDocumentFragment-does-not-reconcil.patch	Fix bug #67440: append_node of a DOMDocumentFragment does not reconcil
p0201-harden-the-zend_activate_auto_globals-walk-budget.patch	harden the zend_activate_auto_globals walk budget
p0202-Fix-bug-#67440:-append_node-of-a-DOMDocumentFragment-does-not-reconcil.patch	Fix bug #67440: append_node of a DOMDocumentFragment does not reconcil
p0203-Fix-bug-#67440:-append_node-of-a-DOMDocumentFragment-does-not-reconcil.patch	Fix bug #67440: append_node of a DOMDocumentFragment does not reconcil
p0204-Fix-use-after-free-of-constant-name-(part-33/53).patch	Fix use-after-free of constant name (part 33/53)
p0205-harden-the-zend_emit_assign_znode-walk-budget.patch	harden the zend_emit_assign_znode walk budget
p0206-sync-upstream-changes.patch	sync upstream changes
p0207-Fix-use-after-free-of-constant-name-(part-34/53).patch	Fix use-after-free of constant name (part 34/53)
p0208-Fix-bug-#67440:-append_node-of-a-DOMDocumentFragment-does-not-reconcil.patch	Fix bug #67440: append_node of a DOMDocumentFragment does not reconcil
p0209-Fix-use-after-free-of-constant-name-(part-35/53).patch	Fix use-after-free of constant name (part 35/53)
p0210-Fix-bug-#67440:-append_node-of-a-DOMDocumentFragment-does-not-reconcil.patch	Fix bug #67440: append_node of a DOMDocumentFragment does not reconcil
p0211-Fix-use-after-free-of-constant-name-(part-36/53).patch	Fix use-after-free of constant name (part 36/53)
p0212-Fix-use-after-free-of-constant-name-(part-37/53).patch	Fix use-after-free of constant name (part 37/53)
p0213-Fix-use-after-free-of-constant-name-(part-38/53).patch	Fix use-after-free of constant name (part 38/53)
p0214-Fix-bug-#67440:-append_node-of-a-DOMDocumentFragment-does-not-reconcil.patch	Fix bug #67440: append_node of a DOMDocumentFragment does not reconcil
p0215-sync-upstream-changes-(ext/standard/tests/array/bug39576.phpt).patch	sync upstream changes (ext/standard/tests/array/bug39576.phpt)
p0216-sync-upstream-changes-(ext/standard/tests/array/gh9244.phpt).patch	sync upstream changes (ext/standard/tests/array/gh9244.phpt)
p0217-sync-upstream-changes-(ext/standard/tests/array/gh9296.phpt).patch	sync upstream changes (ext/standard/tests/array/gh9296.phpt)
p0218-sync-upstream-changes-(ext/standard/tests/array/krsort_variatio).patch	sync upstream changes (ext/standard/tests/array/krsort_variatio)
p0219-sync-upstream-changes-(ext/standard/tests/array/krsort_variatio).patch	sync upstream changes (ext/standard/tests/array/krsort_variatio)
p0220-sync-upstream-changes-(ext/standard/tests/array/ksort_variation).patch	sync upstream changes (ext/standard/tests/array/ksort_variation)
p0221-sync-upstream-changes-(ext/standard/tests/array/ksort_variation).patch	sync upstream changes (ext/standard/tests/array/ksort_variation)
p0222-sync-upstream-changes-(ext/standard/tests/array/locale_sort.php).patch	sync upstream changes (ext/standard/tests/array/locale_sort.php)
p0223-sync-upstream-changes-(ext/standard/tests/array/var_export3.php).patch	sync upstream changes (ext/standard/tests/array/var_export3.php)
p0224-sync-upstream-changes-(ext/standard/tests/assert/assert_variati).patch	sync upstream changes (ext/standard/tests/assert/assert_variati)
p0225-sync-upstream-changes-(ext/standard/tests/bug75220.phpt).patch	sync upstream changes (ext/standard/tests/bug75220.phpt)
p0226-sync-upstream-changes-(ext/standard/tests/class_object/forward_).patch	sync upstream changes (ext/standard/tests/class_object/forward_)
p0227-sync-upstream-changes-(ext/standard/tests/class_object/forward_).patch	sync upstream changes (ext/standard/tests/class_object/forward_)
p0228-sync-upstream-changes-(ext/standard/tests/file/005_variation-wi).patch	sync upstream changes (ext/standard/tests/file/005_variation-wi)
p0229-sync-upstream-changes-(ext/standard/tests/file/006_error.phpt).patch	sync upstream changes (ext/standard/tests/file/006_error.phpt)
p0230-sync-upstream-changes-(ext/standard/tests/file/bug27508.phpt).patch	sync upstream changes (ext/standard/tests/file/bug27508.phpt)
p0231-sync-upstream-changes-(ext/standard/tests/file/bug38450.phpt).patch	sync upstream changes (ext/standard/tests/file/bug38450.phpt)
p0232-sync-upstream-changes-(ext/standard/tests/file/bug38450_1.phpt).patch	sync upstream changes (ext/standard/tests/file/bug38450_1.phpt)
p0233-sync-upstream-changes-(ext/standard/tests/file/bug38450_2.phpt).patch	sync upstream changes (ext/standard/tests/file/bug38450_2.phpt)
p0234-sync-upstream-changes-(ext/standard/tests/file/bug38450_3.phpt).patch	sync upstream changes (ext/standard/tests/file/bug38450_3.phpt)
p0235-sync-upstream-changes-(ext/standard/tests/file/bug39551.phpt).patch	sync upstream changes (ext/standard/tests/file/bug39551.phpt)
p0236-sync-upstream-changes-(ext/standard/tests/file/bug41655_1.phpt).patch	sync upstream changes (ext/standard/tests/file/bug41655_1.phpt)
p0237-sync-upstream-changes-(ext/standard/tests/file/bug52820.phpt).patch	sync upstream changes (ext/standard/tests/file/bug52820.phpt)
p0238-sync-upstream-changes-(ext/standard/tests/file/bug65701.phpt).patch	sync upstream changes (ext/standard/tests/file/bug65701.phpt)
p0239-sync-upstream-changes-(ext/standard/tests/file/bug71287.phpt).patch	sync upstream changes (ext/standard/tests/file/bug71287.phpt)
p0240-sync-upstream-changes-(ext/standard/tests/file/copy_variation12).patch	sync upstream changes (ext/standard/tests/file/copy_variation12)
p0241-sync-upstream-changes-(ext/standard/tests/file/file_get_content).patch	sync upstream changes (ext/standard/tests/file/file_get_content)
p0242-sync-upstream-changes-(ext/standard/tests/file/file_get_content).patch	sync upstream changes (ext/standard/tests/file/file_get_content)
p0243-sync-upstream-changes-(ext/standard/tests/file/filegroup_variat).patch	sync upstream changes (ext/standard/tests/file/filegroup_variat)
p0244-sync-upstream-changes-(ext/standard/tests/file/fileinode_variat).patch	sync upstream changes (ext/standard/tests/file/fileinode_variat)
p0245-sync-upstream-changes-(ext/standard/tests/file/fileowner_variat).patch	sync upstream changes (ext/standard/tests/file/fileowner_variat)
p0246-sync-upstream-changes-(ext/standard/tests/file/fileperms_variat).patch	sync upstream changes (ext/standard/tests/file/fileperms_variat)
p0247-sync-upstream-changes-(ext/standard/tests/file/fopencookie.phpt).patch	sync upstream changes (ext/standard/tests/file/fopencookie.phpt)
p0248-sync-upstream-changes-(ext/standard/tests/file/ftruncate_bug764).patch	sync upstream changes (ext/standard/tests/file/ftruncate_bug764)
p0249-sync-upstream-changes-(ext/standard/tests/file/gh9227.phpt).patch	sync upstream changes (ext/standard/tests/file/gh9227.phpt)
p0250-sync-upstream-changes-(ext/standard/tests/file/gh9779.phpt).patch	sync upstream changes (ext/standard/tests/file/gh9779.phpt)
p0251-sync-upstream-changes-(ext/standard/tests/file/glob_variation5.).patch	sync upstream changes (ext/standard/tests/file/glob_variation5.)
p0252-sync-upstream-changes-(ext/standard/tests/file/glob_variation6.).patch	sync upstream changes (ext/standard/tests/file/glob_variation6.)
p0253-sync-upstream-changes-(ext/standard/tests/file/include_streams.).patch	sync upstream changes (ext/standard/tests/file/include_streams.)
p0254-sync-upstream-changes-(ext/standard/tests/file/include_userstre).patch	sync upstream changes (ext/standard/tests/file/include_userstre)
p0255-sync-upstream-changes-(ext/standard/tests/file/include_userstre).patch	sync upstream changes (ext/standard/tests/file/include_userstre)
p0256-sync-upstream-changes-(ext/standard/tests/file/readlink_variati).patch	sync upstream changes (ext/standard/tests/file/readlink_variati)
p0257-sync-upstream-changes-(ext/standard/tests/file/realpath_basic4.).patch	sync upstream changes (ext/standard/tests/file/realpath_basic4.)
p0258-sync-upstream-changes-(ext/standard/tests/file/rename_variation).patch	sync upstream changes (ext/standard/tests/file/rename_variation)
p0259-sync-upstream-changes-(ext/standard/tests/file/rename_variation).patch	sync upstream changes (ext/standard/tests/file/rename_variation)
p0260-sync-upstream-changes-(ext/standard/tests/file/rename_variation).patch	sync upstream changes (ext/standard/tests/file/rename_variation)
p0261-sync-upstream-changes-(ext/standard/tests/file/rename_variation).patch	sync upstream changes (ext/standard/tests/file/rename_variation)
p0262-sync-upstream-changes-(ext/standard/tests/file/rename_variation).patch	sync upstream changes (ext/standard/tests/file/rename_variation)
p0263-sync-upstream-changes-(ext/standard/tests/file/stream_copy_to_s).patch	sync upstream changes (ext/standard/tests/file/stream_copy_to_s)
p0264-sync-upstream-changes-(ext/standard/tests/file/stream_copy_to_s).patch	sync upstream changes (ext/standard/tests/file/stream_copy_to_s)
p0265-sync-upstream-changes-(ext/standard/tests/file/stream_copy_to_s).patch	sync upstream changes (ext/standard/tests/file/stream_copy_to_s)
p0266-sync-upstream-changes-(ext/standard/tests/file/userdirstream.ph).patch	sync upstream changes (ext/standard/tests/file/userdirstream.ph)
p0267-sync-upstream-changes-(ext/standard/tests/file/userstreams.phpt).patch	sync upstream changes (ext/standard/tests/file/userstreams.phpt)
p0268-sync-upstream-changes-(ext/standard/tests/file/userstreams_002.).patch	sync upstream changes (ext/standard/tests/file/userstreams_002.)
p0269-sync-upstream-changes-(ext/standard/tests/file/userstreams_003.).patch	sync upstream changes (ext/standard/tests/file/userstreams_003.)
p0270-sync-upstream-changes-(ext/standard/tests/file/userstreams_004.).patch	sync upstream changes (ext/standard/tests/file/userstreams_004.)
p0271-sync-upstream-changes-(ext/standard/tests/file/userstreams_005.).patch	sync upstream changes (ext/standard/tests/file/userstreams_005.)
p0272-sync-upstream-changes-(ext/standard/tests/file/userstreams_006.).patch	sync upstream changes (ext/standard/tests/file/userstreams_006.)
p0273-sync-upstream-changes-(ext/standard/tests/file/userstreams_007.).patch	sync upstream changes (ext/standard/tests/file/userstreams_007.)
p0274-sync-upstream-changes-(ext/standard/tests/file/userwrapper.phpt).patch	sync upstream changes (ext/standard/tests/file/userwrapper.phpt)
p0275-sync-upstream-changes-(ext/standard/tests/file/windows_links/bu).patch	sync upstream changes (ext/standard/tests/file/windows_links/bu)
p0276-sync-upstream-changes-(ext/standard/tests/file/windows_mb_path/).patch	sync upstream changes (ext/standard/tests/file/windows_mb_path/)
p0277-sync-upstream-changes-(ext/standard/tests/file/windows_mb_path/).patch	sync upstream changes (ext/standard/tests/file/windows_mb_path/)
p0278-sync-upstream-changes-(ext/standard/tests/file/windows_mb_path/).patch	sync upstream changes (ext/standard/tests/file/windows_mb_path/)
p0279-sync-upstream-changes-(ext/standard/tests/file/windows_mb_path/).patch	sync upstream changes (ext/standard/tests/file/windows_mb_path/)
p0280-sync-upstream-changes-(ext/standard/tests/file/windows_mb_path/).patch	sync upstream changes (ext/standard/tests/file/windows_mb_path/)
p0281-sync-upstream-changes-(ext/standard/tests/file/windows_mb_path/).patch	sync upstream changes (ext/standard/tests/file/windows_mb_path/)
p0282-sync-upstream-changes-(ext/standard/tests/file/windows_mb_path/).patch	sync upstream changes (ext/standard/tests/file/windows_mb_path/)
p0283-sync-upstream-changes-(ext/standard/tests/file/windows_mb_path/).patch	sync upstream changes (ext/standard/tests/file/windows_mb_path/)
p0284-harden-the-zend_ast_create_list_1-walk-budget.patch	harden the zend_ast_create_list_1 walk budget
p0285-Fix-use-after-free-of-constant-name-(part-39/53).patch	Fix use-after-free of constant name (part 39/53)
p0286-Fix-use-after-free-of-constant-name-(part-40/53).patch	Fix use-after-free of constant name (part 40/53)
p0287-Fix-use-after-free-of-constant-name-(part-41/53).patch	Fix use-after-free of constant name (part 41/53)
p0288-harden-the-zend_mm_find_leaks_small-walk-budget.patch	harden the zend_mm_find_leaks_small walk budget
p0289-sync-upstream-changes-(ext/standard/tests/file/windows_mb_path/).patch	sync upstream changes (ext/standard/tests/file/windows_mb_path/)
p0290-sync-upstream-changes-(ext/standard/tests/file/windows_mb_path/).patch	sync upstream changes (ext/standard/tests/file/windows_mb_path/)
p0291-sync-upstream-changes-(ext/standard/tests/file/windows_mb_path/).patch	sync upstream changes (ext/standard/tests/file/windows_mb_path/)
p0292-sync-upstream-changes-(ext/standard/tests/file/windows_mb_path/).patch	sync upstream changes (ext/standard/tests/file/windows_mb_path/)
p0293-sync-upstream-changes-(ext/standard/tests/file/windows_mb_path/).patch	sync upstream changes (ext/standard/tests/file/windows_mb_path/)
p0294-sync-upstream-changes-(ext/standard/tests/file/windows_mb_path/).patch	sync upstream changes (ext/standard/tests/file/windows_mb_path/)
p0295-sync-upstream-changes-(ext/standard/tests/file/windows_mb_path/).patch	sync upstream changes (ext/standard/tests/file/windows_mb_path/)
p0296-sync-upstream-changes-(ext/standard/tests/file/windows_mb_path/).patch	sync upstream changes (ext/standard/tests/file/windows_mb_path/)
p0297-sync-upstream-changes-(ext/standard/tests/file/windows_mb_path/).patch	sync upstream changes (ext/standard/tests/file/windows_mb_path/)
p0298-sync-upstream-changes-(ext/standard/tests/file/windows_mb_path/).patch	sync upstream changes (ext/standard/tests/file/windows_mb_path/)
p0299-sync-upstream-changes-(ext/standard/tests/file/windows_mb_path/).patch	sync upstream changes (ext/standard/tests/file/windows_mb_path/)
p0300-sync-upstream-changes-(ext/standard/tests/file/windows_mb_path/).patch	sync upstream changes (ext/standard/tests/file/windows_mb_path/)
p0301-sync-upstream-changes-(ext/standard/tests/file/windows_mb_path/).patch	sync upstream changes (ext/standard/tests/file/windows_mb_path/)
p0302-sync-upstream-changes-(ext/standard/tests/filters/bug22538.phpt).patch	sync upstream changes (ext/standard/tests/filters/bug22538.phpt)
p0303-sync-upstream-changes-(ext/standard/tests/general_functions/bug).patch	sync upstream changes (ext/standard/tests/general_functions/bug)
p0304-sync-upstream-changes-(ext/standard/tests/general_functions/bug).patch	sync upstream changes (ext/standard/tests/general_functions/bug)
p0305-sync-upstream-changes-(ext/standard/tests/general_functions/bug).patch	sync upstream changes (ext/standard/tests/general_functions/bug)
p0306-sync-upstream-changes-(ext/standard/tests/general_functions/bug).patch	sync upstream changes (ext/standard/tests/general_functions/bug)
p0307-sync-upstream-changes-(ext/standard/tests/general_functions/bug).patch	sync upstream changes (ext/standard/tests/general_functions/bug)
p0308-sync-upstream-changes-(ext/standard/tests/general_functions/bug).patch	sync upstream changes (ext/standard/tests/general_functions/bug)
p0309-sync-upstream-changes-(ext/standard/tests/general_functions/cal).patch	sync upstream changes (ext/standard/tests/general_functions/cal)
p0310-sync-upstream-changes-(ext/standard/tests/general_functions/deb).patch	sync upstream changes (ext/standard/tests/general_functions/deb)
p0311-sync-upstream-changes-(ext/standard/tests/general_functions/dl-).patch	sync upstream changes (ext/standard/tests/general_functions/dl-)
p0312-sync-upstream-changes-(ext/standard/tests/general_functions/gh9).patch	sync upstream changes (ext/standard/tests/general_functions/gh9)
p0313-sync-upstream-changes-(ext/standard/tests/general_functions/is_).patch	sync upstream changes (ext/standard/tests/general_functions/is_)
p0314-sync-upstream-changes-(ext/standard/tests/general_functions/is_).patch	sync upstream changes (ext/standard/tests/general_functions/is_)
p0315-sync-upstream-changes-(ext/standard/tests/general_functions/is_).patch	sync upstream changes (ext/standard/tests/general_functions/is_)
p0316-sync-upstream-changes-(ext/standard/tests/general_functions/par).patch	sync upstream changes (ext/standard/tests/general_functions/par)
p0317-sync-upstream-changes-(ext/standard/tests/general_functions/php).patch	sync upstream changes (ext/standard/tests/general_functions/php)
p0318-sync-upstream-changes-(ext/standard/tests/general_functions/pri).patch	sync upstream changes (ext/standard/tests/general_functions/pri)
p0319-sync-upstream-changes-(ext/standard/tests/general_functions/pri).patch	sync upstream changes (ext/standard/tests/general_functions/pri)
p0320-sync-upstream-changes-(ext/standard/tests/general_functions/ran).patch	sync upstream changes (ext/standard/tests/general_functions/ran)
p0321-sync-upstream-changes-(ext/standard/tests/general_functions/sle).patch	sync upstream changes (ext/standard/tests/general_functions/sle)
p0322-sync-upstream-changes-(ext/standard/tests/general_functions/var).patch	sync upstream changes (ext/standard/tests/general_functions/var)
p0323-sync-upstream-changes-(ext/standard/tests/general_functions/var).patch	sync upstream changes (ext/standard/tests/general_functions/var)
p0324-sync-upstream-changes-(ext/standard/tests/general_functions/var).patch	sync upstream changes (ext/standard/tests/general_functions/var)
p0325-sync-upstream-changes-(ext/standard/tests/general_functions/var).patch	sync upstream changes (ext/standard/tests/general_functions/var)
p0326-sync-upstream-changes-(ext/standard/tests/general_functions/var).patch	sync upstream changes (ext/standard/tests/general_functions/var)
p0327-sync-upstream-changes-(ext/standard/tests/image/getimagesize.ph).patch	sync upstream changes (ext/standard/tests/image/getimagesize.ph)
p0328-sync-upstream-changes-(ext/standard/tests/mail/bug72964.phpt).patch	sync upstream changes (ext/standard/tests/mail/bug72964.phpt)
p0329-sync-upstream-changes-(ext/standard/tests/mail/bug80706.phpt).patch	sync upstream changes (ext/standard/tests/mail/bug80706.phpt)
p0330-sync-upstream-changes-(ext/standard/tests/mail/bug80751.phpt).patch	sync upstream changes (ext/standard/tests/mail/bug80751.phpt)
p0331-sync-upstream-changes-(ext/standard/tests/mail/gh8086.phpt).patch	sync upstream changes (ext/standard/tests/mail/gh8086.phpt)
p0332-sync-upstream-changes-(ext/standard/tests/mail/mail_basic_alt1-).patch	sync upstream changes (ext/standard/tests/mail/mail_basic_alt1-)
p0333-sync-upstream-changes-(ext/standard/tests/mail/mail_basic_alt2-).patch	sync upstream changes (ext/standard/tests/mail/mail_basic_alt2-)
p0334-sync-upstream-changes-(ext/standard/tests/mail/mail_basic_alt3-).patch	sync upstream changes (ext/standard/tests/mail/mail_basic_alt3-)
p0335-sync-upstream-changes-(ext/standard/tests/mail/mail_basic_alt4-).patch	sync upstream changes (ext/standard/tests/mail/mail_basic_alt4-)
p0336-sync-upstream-changes-(ext/standard/tests/mail/mail_include.inc).patch	sync upstream changes (ext/standard/tests/mail/mail_include.inc)
p0337-sync-upstream-changes-(ext/standard/tests/mail/mail_skipif.inc).patch	sync upstream changes (ext/standard/tests/mail/mail_skipif.inc)
p0338-sync-upstream-changes-(ext/standard/tests/mail/mail_variation_a).patch	sync upstream changes (ext/standard/tests/mail/mail_variation_a)
p0339-sync-upstream-changes-(ext/standard/tests/mail/mail_variation_a).patch	sync upstream changes (ext/standard/tests/mail/mail_variation_a)
p0340-sync-upstream-changes-(ext/standard/tests/mail/mail_variation_a).patch	sync upstream changes (ext/standard/tests/mail/mail_variation_a)
p0341-Fix-use-after-free-of-constant-name-(part-42/53).patch	Fix use-after-free of constant name (part 42/53)
p0342-Fix-use-after-free-of-constant-name-(part-43/53).patch	Fix use-after-free of constant name (part 43/53)
p0343-Fix-bug-#67440:-append_node-of-a-DOMDocumentFragment-does-not-reconcil.patch	Fix bug #67440: append_node of a DOMDocumentFragment does not reconcil
p0344-sync-upstream-changes-(ext/standard/tests/strings/setlocale_var).patch	sync upstream changes (ext/standard/tests/strings/setlocale_var)
p0345-sync-upstream-changes-(ext/standard/tests/strings/sprintf_f_3.p).patch	sync upstream changes (ext/standard/tests/strings/sprintf_f_3.p)
p0346-sync-upstream-changes-(ext/standard/tests/strings/str_replace_v).patch	sync upstream changes (ext/standard/tests/strings/str_replace_v)
p0347-sync-upstream-changes-(ext/standard/tests/strings/str_split_bas).patch	sync upstream changes (ext/standard/tests/strings/str_split_bas)
p0348-sync-upstream-changes-(ext/standard/tests/strings/str_split_var).patch	sync upstream changes (ext/standard/tests/strings/str_split_var)
p0349-sync-upstream-changes-(ext/standard/tests/strings/str_split_var).patch	sync upstream changes (ext/standard/tests/strings/str_split_var)
p0350-sync-upstream-changes-(ext/standard/tests/strings/str_split_var).patch	sync upstream changes (ext/standard/tests/strings/str_split_var)
p0351-sync-upstream-changes-(ext/standard/tests/strings/strcasecmp.ph).patch	sync upstream changes (ext/standard/tests/strings/strcasecmp.ph)
p0352-sync-upstream-changes-(ext/standard/tests/strings/strcmp.phpt).patch	sync upstream changes (ext/standard/tests/strings/strcmp.phpt)
p0353-sync-upstream-changes-(ext/standard/tests/strings/strlen.phpt).patch	sync upstream changes (ext/standard/tests/strings/strlen.phpt)
p0354-sync-upstream-changes-(ext/standard/tests/strings/strncasecmp_v).patch	sync upstream changes (ext/standard/tests/strings/strncasecmp_v)
p0355-sync-upstream-changes-(ext/standard/tests/strings/strncasecmp_v).patch	sync upstream changes (ext/standard/tests/strings/strncasecmp_v)
p0356-sync-upstream-changes-(ext/standard/tests/strings/strncmp_varia).patch	sync upstream changes (ext/standard/tests/strings/strncmp_varia)
p0357-sync-upstream-changes-(ext/standard/tests/strings/strpos.phpt).patch	sync upstream changes (ext/standard/tests/strings/strpos.phpt)
p0358-sync-upstream-changes-(ext/standard/tests/strings/strstr.phpt).patch	sync upstream changes (ext/standard/tests/strings/strstr.phpt)
p0359-sync-upstream-changes-(ext/standard/tests/strings/strtolower-wi).patch	sync upstream changes (ext/standard/tests/strings/strtolower-wi)
p0360-sync-upstream-changes-(ext/standard/tests/strings/strtolower.ph).patch	sync upstream changes (ext/standard/tests/strings/strtolower.ph)
p0361-sync-upstream-changes-(ext/standard/tests/strings/strtoupper.ph).patch	sync upstream changes (ext/standard/tests/strings/strtoupper.ph)
p0362-sync-upstream-changes-(ext/standard/tests/strings/strtoupper1-w).patch	sync upstream changes (ext/standard/tests/strings/strtoupper1-w)
p0363-sync-upstream-changes-(ext/standard/tests/strings/strtoupper1.p).patch	sync upstream changes (ext/standard/tests/strings/strtoupper1.p)
p0364-sync-upstream-changes-(ext/standard/tests/strings/ucfirst.phpt).patch	sync upstream changes (ext/standard/tests/strings/ucfirst.phpt)
p0365-sync-upstream-changes-(ext/standard/tests/time/idate.phpt).patch	sync upstream changes (ext/standard/tests/time/idate.phpt)
p0366-sync-upstream-changes-(ext/standard/tests/time/idate_iso.phpt).patch	sync upstream changes (ext/standard/tests/time/idate_iso.phpt)
p0367-sync-upstream-changes-(ext/standard/tests/url/parse_url_basic_0).patch	sync upstream changes (ext/standard/tests/url/parse_url_basic_0)
p0368-sync-upstream-changes-(ext/standard/type.c).patch	sync upstream changes (ext/standard/type.c)
p0369-sync-upstream-changes-(ext/standard/uniqid.c).patch	sync upstream changes (ext/standard/uniqid.c)
p0370-sync-upstream-changes-(ext/standard/url_scanner_ex.re).patch	sync upstream changes (ext/standard/url_scanner_ex.re)
p0371-sync-upstream-changes-(ext/standard/user_filters.c).patch	sync upstream changes (ext/standard/user_filters.c)
p0372-sync-upstream-changes-(ext/standard/var.c).patch	sync upstream changes (ext/standard/var.c)
p0373-sync-upstream-changes-(ext/standard/var_unserializer.re).patch	sync upstream changes (ext/standard/var_unserializer.re)
p0374-sync-upstream-changes-(ext/sysvmsg/php_sysvmsg.h).patch	sync upstream changes (ext/sysvmsg/php_sysvmsg.h)
p0375-sync-upstream-changes-(ext/sysvmsg/sysvmsg.c).patch	sync upstream changes (ext/sysvmsg/sysvmsg.c)
p0376-sync-upstream-changes-(ext/sysvmsg/sysvmsg.stub.php).patch	sync upstream changes (ext/sysvmsg/sysvmsg.stub.php)
p0377-sync-upstream-changes-(ext/sysvmsg/sysvmsg_arginfo.h).patch	sync upstream changes (ext/sysvmsg/sysvmsg_arginfo.h)
p0378-sync-upstream-changes-(ext/sysvshm/tests/bug72858.phpt).patch	sync upstream changes (ext/sysvshm/tests/bug72858.phpt)
p0379-sync-upstream-changes-(ext/tidy/tests/010.phpt).patch	sync upstream changes (ext/tidy/tests/010.phpt)
p0380-sync-upstream-changes-(ext/tidy/tests/012.phpt).patch	sync upstream changes (ext/tidy/tests/012.phpt)
p0381-sync-upstream-changes-(ext/tidy/tests/023.phpt).patch	sync upstream changes (ext/tidy/tests/023.phpt)
p0382-sync-upstream-changes-(ext/tidy/tests/036.phpt).patch	sync upstream changes (ext/tidy/tests/036.phpt)
p0383-sync-upstream-changes-(ext/tidy/tidy.c).patch	sync upstream changes (ext/tidy/tidy.c)
p0384-sync-upstream-changes-(ext/tidy/tidy.stub.php).patch	sync upstream changes (ext/tidy/tidy.stub.php)
p0385-sync-upstream-changes-(ext/tidy/tidy_arginfo.h).patch	sync upstream changes (ext/tidy/tidy_arginfo.h)
p0386-sync-upstream-changes-(ext/tokenizer/.gitattributes).patch	sync upstream changes (ext/tokenizer/.gitattributes)
p0387-sync-upstream-changes-(ext/tokenizer/php_tokenizer.h).patch	sync upstream changes (ext/tokenizer/php_tokenizer.h)
p0388-sync-upstream-changes-(ext/tokenizer/tokenizer.c).patch	sync upstream changes (ext/tokenizer/tokenizer.c)
p0389-sync-upstream-changes-(ext/tokenizer/tokenizer.stub.php).patch	sync upstream changes (ext/tokenizer/tokenizer.stub.php)
p0390-sync-upstream-changes-(ext/tokenizer/tokenizer_arginfo.h).patch	sync upstream changes (ext/tokenizer/tokenizer_arginfo.h)
p0391-sync-upstream-changes-(ext/tokenizer/tokenizer_data.c).patch	sync upstream changes (ext/tokenizer/tokenizer_data.c)
p0392-sync-upstream-changes-(ext/tokenizer/tokenizer_data.stub.php).patch	sync upstream changes (ext/tokenizer/tokenizer_data.stub.php)
p0393-sync-upstream-changes-(ext/tokenizer/tokenizer_data_arginfo.h).patch	sync upstream changes (ext/tokenizer/tokenizer_data_arginfo.h)
p0394-sync-upstream-changes-(ext/tokenizer/tokenizer_data_gen.php).patch	sync upstream changes (ext/tokenizer/tokenizer_data_gen.php)
p0395-sync-upstream-changes-(ext/xml/config.w32).patch	sync upstream changes (ext/xml/config.w32)
p0396-sync-upstream-changes-(ext/xml/php_xml.h).patch	sync upstream changes (ext/xml/php_xml.h)
p0397-sync-upstream-changes-(ext/xml/tests/bug72085.phpt).patch	sync upstream changes (ext/xml/tests/bug72085.phpt)
p0398-sync-upstream-changes-(ext/xml/xml.c).patch	sync upstream changes (ext/xml/xml.c)
p0399-sync-upstream-changes-(ext/xml/xml.stub.php).patch	sync upstream changes (ext/xml/xml.stub.php)
p0400-sync-upstream-changes-(ext/xml/xml_arginfo.h).patch	sync upstream changes (ext/xml/xml_arginfo.h)
p0401-sync-upstream-changes-(ext/xmlreader/php_xmlreader.c).patch	sync upstream changes (ext/xmlreader/php_xmlreader.c)
p0402-sync-upstream-changes-(ext/xmlreader/php_xmlreader.h).patch	sync upstream changes (ext/xmlreader/php_xmlreader.h)
p0403-sync-upstream-changes-(ext/xmlreader/php_xmlreader.stub.php).patch	sync upstream changes (ext/xmlreader/php_xmlreader.stub.php)
p0404-sync-upstream-changes-(ext/xmlreader/php_xmlreader_arginfo.h).patch	sync upstream changes (ext/xmlreader/php_xmlreader_arginfo.h)
p0405-sync-upstream-changes-(ext/xmlreader/tests/014.phpt).patch	sync upstream changes (ext/xmlreader/tests/014.phpt)
p0406-sync-upstream-changes-(ext/xmlwriter/php_xmlwriter.c).patch	sync upstream changes (ext/xmlwriter/php_xmlwriter.c)
p0407-sync-upstream-changes-(ext/xsl/php_xsl.c).patch	sync upstream changes (ext/xsl/php_xsl.c)
p0408-sync-upstream-changes-(ext/xsl/php_xsl.stub.php).patch	sync upstream changes (ext/xsl/php_xsl.stub.php)
p0409-sync-upstream-changes-(ext/xsl/php_xsl_arginfo.h).patch	sync upstream changes (ext/xsl/php_xsl_arginfo.h)
p0410-sync-upstream-changes-(ext/xsl/xsltprocessor.c).patch	sync upstream changes (ext/xsl/xsltprocessor.c)
p0411-sync-upstream-changes-(ext/zend_test/fiber.stub.php).patch	sync upstream changes (ext/zend_test/fiber.stub.php)
p0412-sync-upstream-changes-(ext/zend_test/fiber_arginfo.h).patch	sync upstream changes (ext/zend_test/fiber_arginfo.h)
p0413-sync-upstream-changes-(ext/zend_test/observer.c).patch	sync upstream changes (ext/zend_test/observer.c)
p0414-sync-upstream-changes-(ext/zend_test/observer.h).patch	sync upstream changes (ext/zend_test/observer.h)
p0415-sync-upstream-changes-(ext/zend_test/php_test.h).patch	sync upstream changes (ext/zend_test/php_test.h)
p0416-Fix-use-after-free-of-constant-name-(part-44/53).patch	Fix use-after-free of constant name (part 44/53)
p0417-adds-failing-test-case-for-#12060.patch	adds failing test case for #12060
p0418-Fix-use-after-free-of-constant-name-(part-45/53).patch	Fix use-after-free of constant name (part 45/53)
p0419-Fix-use-after-free-of-constant-name-(part-46/53).patch	Fix use-after-free of constant name (part 46/53)
p0420-Fix-use-after-free-of-constant-name-(part-47/53).patch	Fix use-after-free of constant name (part 47/53)
p0421-Fix-use-after-free-of-constant-name-(part-48/53).patch	Fix use-after-free of constant name (part 48/53)
p0422-sync-upstream-changes-(ext/zlib/zlib.c).patch	sync upstream changes (ext/zlib/zlib.c)
p0423-sync-upstream-changes-(ext/zlib/zlib.stub.php).patch	sync upstream changes (ext/zlib/zlib.stub.php)
p0424-sync-upstream-changes-(ext/zlib/zlib_arginfo.h).patch	sync upstream changes (ext/zlib/zlib_arginfo.h)
p0425-sync-upstream-changes-(ext/zlib/zlib_fopen_wrapper.c).patch	sync upstream changes (ext/zlib/zlib_fopen_wrapper.c)
p0426-sync-upstream-changes-(main/SAPI.c).patch	sync upstream changes (main/SAPI.c)
p0427-sync-upstream-changes-(main/SAPI.h).patch	sync upstream changes (main/SAPI.h)
p0428-sync-upstream-changes-(main/alloca.c).patch	sync upstream changes (main/alloca.c)
p0429-sync-upstream-changes-(main/fastcgi.c).patch	sync upstream changes (main/fastcgi.c)
p0430-sync-upstream-changes-(main/internal_functions_win32.c).patch	sync upstream changes (main/internal_functions_win32.c)
p0431-sync-upstream-changes-(main/main.c).patch	sync upstream changes (main/main.c)
p0432-sync-upstream-changes-(main/network.c).patch	sync upstream changes (main/network.c)
p0433-sync-upstream-changes-(main/output.c).patch	sync upstream changes (main/output.c)
p0434-sync-upstream-changes-(main/php.h).patch	sync upstream changes (main/php.h)
p0435-sync-upstream-changes-(main/php_globals.h).patch	sync upstream changes (main/php_globals.h)
p0436-sync-upstream-changes-(main/php_ini.c).patch	sync upstream changes (main/php_ini.c)
p0437-sync-upstream-changes-(main/php_ini_builder.c).patch	sync upstream changes (main/php_ini_builder.c)
p0438-sync-upstream-changes-(main/php_ini_builder.h).patch	sync upstream changes (main/php_ini_builder.h)
p0439-sync-upstream-changes-(main/php_main.h).patch	sync upstream changes (main/php_main.h)
p0440-sync-upstream-changes-(main/php_odbc_utils.c).patch	sync upstream changes (main/php_odbc_utils.c)
p0441-sync-upstream-changes-(main/php_odbc_utils.h).patch	sync upstream changes (main/php_odbc_utils.h)
p0442-sync-upstream-changes-(main/php_output.h).patch	sync upstream changes (main/php_output.h)
p0443-sync-upstream-changes-(main/php_stdint.h).patch	sync upstream changes (main/php_stdint.h)
p0444-sync-upstream-changes-(main/php_streams.h).patch	sync upstream changes (main/php_streams.h)
p0445-sync-upstream-changes-(main/php_variables.c).patch	sync upstream changes (main/php_variables.c)
p0446-sync-upstream-changes-(main/php_variables.h).patch	sync upstream changes (main/php_variables.h)
p0447-sync-upstream-changes-(main/php_version.h).patch	sync upstream changes (main/php_version.h)
p0448-sync-upstream-changes-(main/reentrancy.c).patch	sync upstream changes (main/reentrancy.c)
p0449-sync-upstream-changes-(main/rfc1867.c).patch	sync upstream changes (main/rfc1867.c)
p0450-sync-upstream-changes-(main/safe_bcmp.c).patch	sync upstream changes (main/safe_bcmp.c)
p0451-sync-upstream-changes-(main/snprintf.c).patch	sync upstream changes (main/snprintf.c)
p0452-sync-upstream-changes-(main/spprintf.c).patch	sync upstream changes (main/spprintf.c)
p0453-sync-upstream-changes-(main/streams/cast.c).patch	sync upstream changes (main/streams/cast.c)
p0454-sync-upstream-changes-(main/streams/glob_wrapper.c).patch	sync upstream changes (main/streams/glob_wrapper.c)
p0455-sync-upstream-changes-(main/streams/memory.c).patch	sync upstream changes (main/streams/memory.c)
p0456-sync-upstream-changes-(main/streams/php_stream_context.h).patch	sync upstream changes (main/streams/php_stream_context.h)
p0457-sync-upstream-changes-(main/streams/php_stream_plain_wrapper.h).patch	sync upstream changes (main/streams/php_stream_plain_wrapper.h)
p0458-sync-upstream-changes-(main/streams/php_streams_int.h).patch	sync upstream changes (main/streams/php_streams_int.h)
p0459-sync-upstream-changes-(main/streams/plain_wrapper.c).patch	sync upstream changes (main/streams/plain_wrapper.c)
p0460-sync-upstream-changes-(main/streams/streams.c).patch	sync upstream changes (main/streams/streams.c)
p0461-sync-upstream-changes-(main/streams/transports.c).patch	sync upstream changes (main/streams/transports.c)
p0462-sync-upstream-changes-(main/streams/userspace.c).patch	sync upstream changes (main/streams/userspace.c)
p0463-sync-upstream-changes-(main/streams/xp_socket.c).patch	sync upstream changes (main/streams/xp_socket.c)
p0464-sync-upstream-changes-(main/strlcat.c).patch	sync upstream changes (main/strlcat.c)
p0465-sync-upstream-changes-(main/strlcpy.c).patch	sync upstream changes (main/strlcpy.c)
p0466-sync-upstream-changes-(php.ini-development).patch	sync upstream changes (php.ini-development)
p0467-sync-upstream-changes-(php.ini-production).patch	sync upstream changes (php.ini-production)
p0468-sync-upstream-changes-(sapi/apache2handler/apache_config.c).patch	sync upstream changes (sapi/apache2handler/apache_config.c)
p0469-sync-upstream-changes-(sapi/apache2handler/mod_php.c).patch	sync upstream changes (sapi/apache2handler/mod_php.c)
p0470-sync-upstream-changes-(sapi/apache2handler/php_functions.c).patch	sync upstream changes (sapi/apache2handler/php_functions.c)
p0471-sync-upstream-changes-(sapi/apache2handler/sapi_apache2.c).patch	sync upstream changes (sapi/apache2handler/sapi_apache2.c)
p0472-sync-upstream-changes-(sapi/cgi/cgi_main.c).patch	sync upstream changes (sapi/cgi/cgi_main.c)
p0473-sync-upstream-changes-(sapi/cgi/tests/005-win32.phpt).patch	sync upstream changes (sapi/cgi/tests/005-win32.phpt)
p0474-sync-upstream-changes-(sapi/cgi/tests/005.phpt).patch	sync upstream changes (sapi/cgi/tests/005.phpt)
p0475-sync-upstream-changes-(sapi/cgi/tests/bug69487.phpt).patch	sync upstream changes (sapi/cgi/tests/bug69487.phpt)
p0476-sync-upstream-changes-(sapi/cli/generate_mime_type_map.php).patch	sync upstream changes (sapi/cli/generate_mime_type_map.php)
p0477-sync-upstream-changes-(sapi/cli/mime_type_map.h).patch	sync upstream changes (sapi/cli/mime_type_map.h)
p0478-sync-upstream-changes-(sapi/cli/php.1.in).patch	sync upstream changes (sapi/cli/php.1.in)
p0479-sync-upstream-changes-(sapi/cli/php_cli.c).patch	sync upstream changes (sapi/cli/php_cli.c)
p0480-sync-upstream-changes-(sapi/cli/php_cli_process_title.c).patch	sync upstream changes (sapi/cli/php_cli_process_title.c)
p0481-sync-upstream-changes-(sapi/cli/php_cli_server.c).patch	sync upstream changes (sapi/cli/php_cli_server.c)
p0482-sync-upstream-changes-(sapi/cli/php_http_parser.h).patch	sync upstream changes (sapi/cli/php_http_parser.h)
p0483-sync-upstream-changes-(sapi/cli/ps_title.c).patch	sync upstream changes (sapi/cli/ps_title.c)
p0484-sync-upstream-changes-(sapi/cli/ps_title.h).patch	sync upstream changes (sapi/cli/ps_title.h)
p0485-sync-upstream-changes-(sapi/cli/tests/004.phpt).patch	sync upstream changes (sapi/cli/tests/004.phpt)
p0486-sync-upstream-changes-(sapi/cli/tests/006.phpt).patch	sync upstream changes (sapi/cli/tests/006.phpt)
p0487-sync-upstream-changes-(sapi/cli/tests/argv_mb_bug77111.phpt).patch	sync upstream changes (sapi/cli/tests/argv_mb_bug77111.phpt)
p0488-sync-upstream-changes-(sapi/cli/tests/cli_server_persistent_str).patch	sync upstream changes (sapi/cli/tests/cli_server_persistent_str)
p0489-sync-upstream-changes-(sapi/cli/tests/cli_server_persistent_str).patch	sync upstream changes (sapi/cli/tests/cli_server_persistent_str)
p0490-sync-upstream-changes-(sapi/cli/tests/gh8827-001.phpt).patch	sync upstream changes (sapi/cli/tests/gh8827-001.phpt)
p0491-sync-upstream-changes-(sapi/cli/tests/gh8827-002.phpt).patch	sync upstream changes (sapi/cli/tests/gh8827-002.phpt)
p0492-sync-upstream-changes-(sapi/cli/tests/gh8827-003.phpt).patch	sync upstream changes (sapi/cli/tests/gh8827-003.phpt)
p0493-sync-upstream-changes-(sapi/cli/tests/php_cli_server.inc).patch	sync upstream changes (sapi/cli/tests/php_cli_server.inc)
p0494-Fix-bug-#67440:-append_node-of-a-DOMDocumentFragment-does-not-reconcil.patch	Fix bug #67440: append_node of a DOMDocumentFragment does not reconcil
p0495-Fix-use-after-free-of-constant-name-(part-49/53).patch	Fix use-after-free of constant name (part 49/53)
p0496-Fix-bug-#67440:-append_node-of-a-DOMDocumentFragment-does-not-reconcil.patch	Fix bug #67440: append_node of a DOMDocumentFragment does not reconcil
p0497-Fix-use-after-free-of-constant-name-(part-50/53).patch	Fix use-after-free of constant name (part 50/53)
p0498-Fix-use-after-free-of-constant-name-(part-51/53).patch	Fix use-after-free of constant name (part 51/53)
p0499-Fix-use-after-free-of-constant-name-(part-52/53).patch	Fix use-after-free of constant name (part 52/53)
p0500-Fix-use-after-free-of-constant-name-(part-53/53).patch	Fix use-after-free of constant name (part 53/53)
