p0001-CodingGuidelines:-also-mention-MAYBE_UNUSED.patch	CodingGuidelines: also mention MAYBE_UNUSED
p0002-remote:-fix-leak-in-reachability-check-of-a-remote-track-(part-1/29).patch	remote: fix leak in reachability check of a remote-track (part 1/29)
p0003-remote:-fix-leak-in-reachability-check-of-a-remote-track-(part-2/29).patch	remote: fix leak in reachability check of a remote-track (part 2/29)
p0004-sync-upstream-changes.patch	sync upstream changes
p0005-send-email:-teach-git-send-email-option-to-translate-aliases.patch	send-email: teach git send-email option to translate aliases
p0006-sync-upstream-changes.patch	sync upstream changes
p0007-sync-upstream-changes.patch	sync upstream changes
p0008-remote:-fix-leak-in-reachability-check-of-a-remote-track-(part-3/29).patch	remote: fix leak in reachability check of a remote-track (part 3/29)
p0009-remote:-plug-memory-leaks-at-early-returns.patch	remote: plug memory leaks at early returns
p0010-builtin/upload-archive:-fix-leaking-args-passed-to-`write_archive()`.patch	builtin/upload-archive: fix leaking args passed to `write_archive()`
p0011-remote:-fix-leak-in-reachability-check-of-a-remote-track-(part-4/29).patch	remote: fix leak in reachability check of a remote-track (part 4/29)
p0012-remote:-fix-leak-in-reachability-check-of-a-remote-track-(part-5/29).patch	remote: fix leak in reachability check of a remote-track (part 5/29)
p0013-remote:-fix-leak-in-reachability-check-of-a-remote-track-(part-6/29).patch	remote: fix leak in reachability check of a remote-track (part 6/29)
p0014-remote:-fix-leak-in-reachability-check-of-a-remote-track-(part-7/29).patch	remote: fix leak in reachability check of a remote-track (part 7/29)
p0015-remote:-fix-leak-in-reachability-check-of-a-remote-track-(part-8/29).patch	remote: fix leak in reachability check of a remote-track (part 8/29)
p0016-sync-upstream-changes.patch	sync upstream changes
p0017-compat:-disable--Wunused-parameter-in-3rd-party-code.patch	compat: disable -Wunused-parameter in 3rd-party code
p0018-compat:-mark-unused-parameters-in-win32/mingw-functions.patch	compat: mark unused parameters in win32/mingw functions
p0019-remote:-fix-leak-in-reachability-check-of-a-remote-track-(part-9/29).patch	remote: fix leak in reachability check of a remote-track (part 9/29)
p0020-config.mak.dev:-enable--Wunused-parameter-by-default.patch	config.mak.dev: enable -Wunused-parameter by default
p0021-diff-lib:-drop-unused-index-argument-from-get_stat_data().patch	diff-lib: drop unused index argument from get_stat_data()
p0022-remote:-fix-leak-in-reachability-check-of-a-remote-track-(part-10/29).patch	remote: fix leak in reachability check of a remote-track (part 10/29)
p0023-remote:-fix-leak-in-reachability-check-of-a-remote-track-(part-11/29).patch	remote: fix leak in reachability check of a remote-track (part 11/29)
p0024-grep:-prefer-UNUSED-to-MAYBE_UNUSED-for-pcre-allocators.patch	grep: prefer UNUSED to MAYBE_UNUSED for pcre allocators
p0025-remote:-fix-leak-in-reachability-check-of-a-remote-track-(part-12/29).patch	remote: fix leak in reachability check of a remote-track (part 12/29)
p0026-sync-upstream-changes.patch	sync upstream changes
p0027-remote:-fix-leak-in-reachability-check-of-a-remote-track-(part-13/29).patch	remote: fix leak in reachability check of a remote-track (part 13/29)
p0028-pretty:-fix-leaking-key/value-separator-buffer.patch	pretty: fix leaking key/value separator buffer
p0029-harden-the-nodate-walk-budget.patch	harden the nodate walk budget
p0030-sync-upstream-changes.patch	sync upstream changes
p0031-sync-upstream-changes.patch	sync upstream changes
p0032-sync-upstream-changes.patch	sync upstream changes
p0033-reftable/reader:-introduce-refcounting.patch	reftable/reader: introduce refcounting
p0034-reftable/reader:-introduce-refcounting.patch	reftable/reader: introduce refcounting
p0035-sync-upstream-changes.patch	sync upstream changes
p0036-send-pack:-add-new-tracing-regions-for-push.patch	send-pack: add new tracing regions for push
p0037-remote:-fix-leak-in-reachability-check-of-a-remote-track-(part-14/29).patch	remote: fix leak in reachability check of a remote-track (part 14/29)
p0038-remote:-fix-leak-in-reachability-check-of-a-remote-track-(part-15/29).patch	remote: fix leak in reachability check of a remote-track (part 15/29)
p0039-harden-the-push_update_ref_status-walk-budget.patch	harden the push_update_ref_status walk budget
p0040-sync-upstream-changes.patch	sync upstream changes
p0041-remote:-fix-leak-in-reachability-check-of-a-remote-track-(part-16/29).patch	remote: fix leak in reachability check of a remote-track (part 16/29)
p0042-harden-the-safe_append-walk-budget.patch	harden the safe_append walk budget
p0043-remote:-fix-leak-in-reachability-check-of-a-remote-track-(part-17/29).patch	remote: fix leak in reachability check of a remote-track (part 17/29)
p0044-remote:-fix-leak-in-reachability-check-of-a-remote-track-(part-18/29).patch	remote: fix leak in reachability check of a remote-track (part 18/29)
p0045-remote:-fix-leak-in-reachability-check-of-a-remote-track-(part-19/29).patch	remote: fix leak in reachability check of a remote-track (part 19/29)
p0046-remote:-fix-leak-in-reachability-check-of-a-remote-track-(part-20/29).patch	remote: fix leak in reachability check of a remote-track (part 20/29)
p0047-remote:-fix-leak-in-reachability-check-of-a-remote-track-(part-21/29).patch	remote: fix leak in reachability check of a remote-track (part 21/29)
p0048-t/helper:-fix-leaking-multi-pack-indices-in-"read-midx".patch	t/helper: fix leaking multi-pack-indices in "read-midx"
p0049-remote:-fix-leak-in-reachability-check-of-a-remote-track-(part-22/29).patch	remote: fix leak in reachability check of a remote-track (part 22/29)
p0050-sync-upstream-changes-(t/perf/p1500-graph-walks.sh).patch	sync upstream changes (t/perf/p1500-graph-walks.sh)
p0051-sync-upstream-changes-(t/t0110-urlmatch-normalization.sh).patch	sync upstream changes (t/t0110-urlmatch-normalization.sh)
p0052-sync-upstream-changes-(t/t0110/README).patch	sync upstream changes (t/t0110/README)
p0053-sync-upstream-changes-(t/t0110/url-1).patch	sync upstream changes (t/t0110/url-1)
p0054-sync-upstream-changes-(t/t0110/url-11).patch	sync upstream changes (t/t0110/url-11)
p0055-sync-upstream-changes-(t/t0110/url-2).patch	sync upstream changes (t/t0110/url-2)
p0056-harden-the-forbid_remote_url-walk-budget.patch	harden the forbid_remote_url walk budget
p0057-sync-upstream-changes-(t/t1092-sparse-checkout-compatibility.sh).patch	sync upstream changes (t/t1092-sparse-checkout-compatibility.sh)
p0058-rebase---exec:-respect---quiet.patch	rebase --exec: respect --quiet
p0059-builtin/archive:-fix-leaking-`OPT_FILENAME()`-value.patch	builtin/archive: fix leaking `OPT_FILENAME()` value
p0060-pseudo-merge.c:-ensure-pseudo-merge-groups-are-closed.patch	pseudo-merge.c: ensure pseudo-merge groups are closed
p0061-remote:-fix-leak-in-reachability-check-of-a-remote-track-(part-23/29).patch	remote: fix leak in reachability check of a remote-track (part 23/29)
p0062-transport:-fix-leaking-OID-arrays-in-git://-transport-data.patch	transport: fix leaking OID arrays in git:// transport data
p0063-t5526:-break-test-submodule-differently.patch	t5526: break test submodule differently
p0064-remote:-fix-leaking-peer-ref-when-expanding-refmap.patch	remote: fix leaking peer ref when expanding refmap
p0065-remote:-fix-leak-in-reachability-check-of-a-remote-track-(part-24/29).patch	remote: fix leak in reachability check of a remote-track (part 24/29)
p0066-remote:-fix-leaking-peer-ref-when-expanding-refmap.patch	remote: fix leaking peer ref when expanding refmap
p0067-builtin/maintenance:-fix-loose-objects-task-emitting-pack-hash.patch	builtin/maintenance: fix loose objects task emitting pack hash
p0068-remote:-fix-leak-in-reachability-check-of-a-remote-track-(part-25/29).patch	remote: fix leak in reachability check of a remote-track (part 25/29)
p0069-harden-the-show_numstat-walk-budget.patch	harden the show_numstat walk budget
p0070-t-hashmap:-stop-calling-setup()-for-t_intern()-test.patch	t-hashmap: stop calling setup() for t_intern() test
p0071-sync-upstream-changes.patch	sync upstream changes
p0072-remote:-fix-leak-in-reachability-check-of-a-remote-track-(part-26/29).patch	remote: fix leak in reachability check of a remote-track (part 26/29)
p0073-remote:-fix-leak-in-reachability-check-of-a-remote-track-(part-27/29).patch	remote: fix leak in reachability check of a remote-track (part 27/29)
p0074-remote:-fix-leak-in-reachability-check-of-a-remote-track-(part-28/29).patch	remote: fix leak in reachability check of a remote-track (part 28/29)
p0075-unit-tests:-ignore-unused-argc/argv.patch	unit-tests: ignore unused argc/argv
p0076-harden-the-update_dir_rename_counts-walk-budget.patch	harden the update_dir_rename_counts walk budget
p0077-trace2:-implement-trace2_printf()-for-event-target.patch	trace2: implement trace2_printf() for event target
p0078-remote:-fix-leak-in-reachability-check-of-a-remote-track-(part-29/29).patch	remote: fix leak in reachability check of a remote-track (part 29/29)
